../Core/Src/Events.c:27:6:_Init_Events	0	static
../Core/Src/Events.c:33:6:_EventSet_PcRx	0	static
../Core/Src/Events.c:34:6:_EventClear_PcRx	0	static
../Core/Src/Events.c:36:6:_EventSet_PcTx	0	static
../Core/Src/Events.c:37:6:_EventClear_PcTx	0	static
../Core/Src/Events.c:39:6:_EventSet_I2C_Rx	0	static
../Core/Src/Events.c:40:6:_EventClear_I2C_Rx	0	static
../Core/Src/Events.c:42:6:_EventSet_I2C_Reset	0	static
../Core/Src/Events.c:43:6:_EventClear_I2C_Reset	0	static
../Core/Src/Events.c:45:6:_EventSet_Mode_Switch_Update	0	static
../Core/Src/Events.c:46:6:_EventClear_Mode_Switch_Update	0	static
../Core/Src/Events.c:48:6:_EventSet_Speed_Switch_Update	0	static
../Core/Src/Events.c:49:6:_EventClear_Speed_Switch_Update	0	static
../Core/Src/Events.c:51:6:_EventSet_Output_Update	0	static
../Core/Src/Events.c:52:6:_EventClear_Output_Update	0	static
../Core/Src/Events.c:54:18:Get_Device_Mode_State	0	static
../Core/Src/Events.c:59:6:set_tvoc	0	static
../Core/Src/Events.c:66:6:set_PM25	0	static
../Core/Src/Events.c:71:6:set_PM1	0	static
../Core/Src/Events.c:76:6:Init_Values	0	static
../Core/Src/Events.c:89:9:get_input	16	static
../Core/Src/Events.c:99:6:set_output	16	static
../Core/Src/Events.c:107:6:Mode_Switch_Event	8	static
../Core/Src/Events.c:126:6:Speed_Switch_Event	8	static
../Core/Src/Events.c:132:9:Cal_Auto_Value	8	static
../Core/Src/Events.c:157:6:Update_Output	16	static
../Core/Src/Events.c:184:6:Handle_Events	8	static,ignoring_inline_asm
