../Drivers/STM32F1xx_HAL_Driver/Inc/stm32f1xx_ll_usart.h:412:22:LL_USART_Enable	16	static
../Drivers/STM32F1xx_HAL_Driver/Inc/stm32f1xx_ll_usart.h:1527:22:LL_USART_ConfigAsyncMode	16	static
../Drivers/STM32F1xx_HAL_Driver/Inc/stm32f1xx_ll_bus.h:761:22:LL_APB2_GRP1_EnableClock	24	static
../Core/Src/main.c:84:6:Transmit	24	static
../Core/Src/main.c:96:6:HAL_GPIO_EXTI_Callback	16	static
../Core/Src/main.c:115:6:HAL_IncTick	8	static
../Core/Src/main.c:127:6:Enable_Interupts	8	static
../Core/Src/main.c:151:5:main	16	static
../Core/Src/main.c:230:6:SystemClock_Config	72	static
../Core/Src/main.c:270:13:MX_USART1_UART_Init	56	static
../Core/Src/main.c:323:13:MX_GPIO_Init	40	static
../Core/Src/main.c:405:6:Error_Handler	4	static,ignoring_inline_asm
