../Core/Src/main.c:96:6:Set_SCL_RisingNFalling	32	static
../Core/Src/main.c:110:6:Set_SDA_RisingNFalling	32	static
../Core/Src/main.c:124:6:Set_SCL_INT	0	static
../Core/Src/main.c:130:6:Set_SDA_INT	0	static
../Core/Src/main.c:227:6:SystemClock_Config	160	static,ignoring_inline_asm
../Core/Src/main.c:141:5:main	96	static,ignoring_inline_asm
../Core/Src/main.c:378:6:Bus_State_Handler	16	static
../Core/Src/main.c:507:6:HAL_GPIO_EXTI_Callback	8	static
../Core/Src/main.c:517:6:Timer_Reset	16	static
../Core/Src/main.c:538:6:Error_Handler	0	static,ignoring_inline_asm
