../Drivers/STM32F3xx_HAL_Driver/Src/stm32f3xx_ll_utils.c:147:6:LL_Init1msTick	0	static
../Drivers/STM32F3xx_HAL_Driver/Src/stm32f3xx_ll_utils.c:163:6:LL_mDelay	8	static
../Drivers/STM32F3xx_HAL_Driver/Src/stm32f3xx_ll_utils.c:221:6:LL_SetSystemCoreClock	0	static
../Drivers/STM32F3xx_HAL_Driver/Src/stm32f3xx_ll_utils.c:236:13:LL_SetFlashLatency	0	static
../Drivers/STM32F3xx_HAL_Driver/Src/stm32f3xx_ll_utils.c:507:20:UTILS_EnablePLLAndSwitchSystem	32	static,ignoring_inline_asm
../Drivers/STM32F3xx_HAL_Driver/Src/stm32f3xx_ll_utils.c:308:13:LL_PLL_ConfigSystemClock_HSI	8	static,ignoring_inline_asm
../Drivers/STM32F3xx_HAL_Driver/Src/stm32f3xx_ll_utils.c:377:13:LL_PLL_ConfigSystemClock_HSE	16	static,ignoring_inline_asm
