../Drivers/STM32F3xx_HAL_Driver/Inc/stm32f3xx_ll_usart.h:537:22:LL_USART_Enable	16	static
../Drivers/STM32F3xx_HAL_Driver/Inc/stm32f3xx_ll_usart.h:2260:22:LL_USART_ConfigAsyncMode	16	static
../Drivers/STM32F3xx_HAL_Driver/Inc/stm32f3xx_ll_usart.h:3195:22:LL_USART_DisableIT_CTS	40	static,ignoring_inline_asm
../Drivers/STM32F3xx_HAL_Driver/Inc/stm32f3xx_ll_bus.h:285:22:LL_AHB1_GRP1_EnableClock	24	static
../Drivers/STM32F3xx_HAL_Driver/Inc/stm32f3xx_ll_bus.h:535:22:LL_APB1_GRP1_EnableClock	24	static
../Core/Src/main.c:80:6:Set_SCL_RisingNFalling	40	static
../Core/Src/main.c:94:6:Set_SDA_RisingNFalling	40	static
../Core/Src/main.c:108:6:Set_SCL_INT	16	static
../Core/Src/main.c:114:6:Set_SDA_INT	16	static
../Core/Src/main.c:157:8:Transmit	24	static
../Core/Src/main.c:125:5:main	16	static
../Core/Src/main.c:201:6:SystemClock_Config	160	static
../Core/Src/main.c:248:13:MX_USART2_UART_Init	64	static
../Core/Src/main.c:300:13:MX_GPIO_Init	48	static
../Core/Src/main.c:352:6:Bus_State_Handler	16	static
../Core/Src/main.c:481:6:HAL_GPIO_EXTI_Callback	16	static
../Core/Src/main.c:491:6:Timer_Reset	8	static
../Core/Src/main.c:512:6:Error_Handler	4	static,ignoring_inline_asm
