../Core/Src/main.c:96:6:Set_SCL_RisingNFalling	32	static
../Core/Src/main.c:110:6:Set_SDA_RisingNFalling	32	static
../Core/Src/main.c:124:6:Set_SCL_INT	0	static
../Core/Src/main.c:130:6:Set_SDA_INT	0	static
../Core/Src/main.c:226:6:SystemClock_Config	160	static,ignoring_inline_asm
../Core/Src/main.c:141:5:main	120	static,ignoring_inline_asm
../Core/Src/main.c:377:6:Bus_State_Handler	40	static
../Core/Src/main.c:506:6:HAL_GPIO_EXTI_Callback	8	static
../Core/Src/main.c:516:6:Timer_Reset	40	static
../Core/Src/main.c:537:6:Error_Handler	0	static,ignoring_inline_asm
