Archive member included to satisfy reference by file (symbol)

G:/ST/STM32CubeIDE_1.16.0/STM32CubeIDE/plugins/com.st.stm32cube.ide.mcu.externaltools.gnu-tools-for-stm32.12.3.rel1.win32_1.0.200.202406191623/tools/bin/../lib/gcc/arm-none-eabi/12.3.1/../../../../arm-none-eabi/lib/thumb/v7e-m+fp/hard\libc_nano.a(libc_a-exit.o)
                              G:/ST/STM32CubeIDE_1.16.0/STM32CubeIDE/plugins/com.st.stm32cube.ide.mcu.externaltools.gnu-tools-for-stm32.12.3.rel1.win32_1.0.200.202406191623/tools/bin/../lib/gcc/arm-none-eabi/12.3.1/../../../../arm-none-eabi/lib/thumb/v7e-m+fp/hard/crt0.o (exit)
G:/ST/STM32CubeIDE_1.16.0/STM32CubeIDE/plugins/com.st.stm32cube.ide.mcu.externaltools.gnu-tools-for-stm32.12.3.rel1.win32_1.0.200.202406191623/tools/bin/../lib/gcc/arm-none-eabi/12.3.1/../../../../arm-none-eabi/lib/thumb/v7e-m+fp/hard\libc_nano.a(libc_a-findfp.o)
                              G:/ST/STM32CubeIDE_1.16.0/STM32CubeIDE/plugins/com.st.stm32cube.ide.mcu.externaltools.gnu-tools-for-stm32.12.3.rel1.win32_1.0.200.202406191623/tools/bin/../lib/gcc/arm-none-eabi/12.3.1/../../../../arm-none-eabi/lib/thumb/v7e-m+fp/hard\libc_nano.a(libc_a-exit.o) (__stdio_exit_handler)
G:/ST/STM32CubeIDE_1.16.0/STM32CubeIDE/plugins/com.st.stm32cube.ide.mcu.externaltools.gnu-tools-for-stm32.12.3.rel1.win32_1.0.200.202406191623/tools/bin/../lib/gcc/arm-none-eabi/12.3.1/../../../../arm-none-eabi/lib/thumb/v7e-m+fp/hard\libc_nano.a(libc_a-fwalk.o)
                              G:/ST/STM32CubeIDE_1.16.0/STM32CubeIDE/plugins/com.st.stm32cube.ide.mcu.externaltools.gnu-tools-for-stm32.12.3.rel1.win32_1.0.200.202406191623/tools/bin/../lib/gcc/arm-none-eabi/12.3.1/../../../../arm-none-eabi/lib/thumb/v7e-m+fp/hard\libc_nano.a(libc_a-findfp.o) (_fwalk_sglue)
G:/ST/STM32CubeIDE_1.16.0/STM32CubeIDE/plugins/com.st.stm32cube.ide.mcu.externaltools.gnu-tools-for-stm32.12.3.rel1.win32_1.0.200.202406191623/tools/bin/../lib/gcc/arm-none-eabi/12.3.1/../../../../arm-none-eabi/lib/thumb/v7e-m+fp/hard\libc_nano.a(libc_a-stdio.o)
                              G:/ST/STM32CubeIDE_1.16.0/STM32CubeIDE/plugins/com.st.stm32cube.ide.mcu.externaltools.gnu-tools-for-stm32.12.3.rel1.win32_1.0.200.202406191623/tools/bin/../lib/gcc/arm-none-eabi/12.3.1/../../../../arm-none-eabi/lib/thumb/v7e-m+fp/hard\libc_nano.a(libc_a-findfp.o) (__sread)
G:/ST/STM32CubeIDE_1.16.0/STM32CubeIDE/plugins/com.st.stm32cube.ide.mcu.externaltools.gnu-tools-for-stm32.12.3.rel1.win32_1.0.200.202406191623/tools/bin/../lib/gcc/arm-none-eabi/12.3.1/../../../../arm-none-eabi/lib/thumb/v7e-m+fp/hard\libc_nano.a(libc_a-memset.o)
                              G:/ST/STM32CubeIDE_1.16.0/STM32CubeIDE/plugins/com.st.stm32cube.ide.mcu.externaltools.gnu-tools-for-stm32.12.3.rel1.win32_1.0.200.202406191623/tools/bin/../lib/gcc/arm-none-eabi/12.3.1/../../../../arm-none-eabi/lib/thumb/v7e-m+fp/hard/crt0.o (memset)
G:/ST/STM32CubeIDE_1.16.0/STM32CubeIDE/plugins/com.st.stm32cube.ide.mcu.externaltools.gnu-tools-for-stm32.12.3.rel1.win32_1.0.200.202406191623/tools/bin/../lib/gcc/arm-none-eabi/12.3.1/../../../../arm-none-eabi/lib/thumb/v7e-m+fp/hard\libc_nano.a(libc_a-closer.o)
                              G:/ST/STM32CubeIDE_1.16.0/STM32CubeIDE/plugins/com.st.stm32cube.ide.mcu.externaltools.gnu-tools-for-stm32.12.3.rel1.win32_1.0.200.202406191623/tools/bin/../lib/gcc/arm-none-eabi/12.3.1/../../../../arm-none-eabi/lib/thumb/v7e-m+fp/hard\libc_nano.a(libc_a-stdio.o) (_close_r)
G:/ST/STM32CubeIDE_1.16.0/STM32CubeIDE/plugins/com.st.stm32cube.ide.mcu.externaltools.gnu-tools-for-stm32.12.3.rel1.win32_1.0.200.202406191623/tools/bin/../lib/gcc/arm-none-eabi/12.3.1/../../../../arm-none-eabi/lib/thumb/v7e-m+fp/hard\libc_nano.a(libc_a-reent.o)
                              G:/ST/STM32CubeIDE_1.16.0/STM32CubeIDE/plugins/com.st.stm32cube.ide.mcu.externaltools.gnu-tools-for-stm32.12.3.rel1.win32_1.0.200.202406191623/tools/bin/../lib/gcc/arm-none-eabi/12.3.1/../../../../arm-none-eabi/lib/thumb/v7e-m+fp/hard\libc_nano.a(libc_a-closer.o) (errno)
G:/ST/STM32CubeIDE_1.16.0/STM32CubeIDE/plugins/com.st.stm32cube.ide.mcu.externaltools.gnu-tools-for-stm32.12.3.rel1.win32_1.0.200.202406191623/tools/bin/../lib/gcc/arm-none-eabi/12.3.1/../../../../arm-none-eabi/lib/thumb/v7e-m+fp/hard\libc_nano.a(libc_a-impure.o)
                              G:/ST/STM32CubeIDE_1.16.0/STM32CubeIDE/plugins/com.st.stm32cube.ide.mcu.externaltools.gnu-tools-for-stm32.12.3.rel1.win32_1.0.200.202406191623/tools/bin/../lib/gcc/arm-none-eabi/12.3.1/../../../../arm-none-eabi/lib/thumb/v7e-m+fp/hard\libc_nano.a(libc_a-reent.o) (_impure_ptr)
G:/ST/STM32CubeIDE_1.16.0/STM32CubeIDE/plugins/com.st.stm32cube.ide.mcu.externaltools.gnu-tools-for-stm32.12.3.rel1.win32_1.0.200.202406191623/tools/bin/../lib/gcc/arm-none-eabi/12.3.1/../../../../arm-none-eabi/lib/thumb/v7e-m+fp/hard\libc_nano.a(libc_a-lseekr.o)
[...]
Memory Configuration

Name             Origin             Length             Attributes
CCMRAM           0x10000000         0x00004000         xrw
RAM              0x20000000         0x00010000         xrw
FLASH            0x08000000         0x00080000         xr
*default*        0x00000000         0xffffffff

Linker script and memory map

LOAD G:/ST/STM32CubeIDE_1.16.0/STM32CubeIDE/plugins/com.st.stm32cube.ide.mcu.externaltools.gnu-tools-for-stm32.12.3.rel1.win32_1.0.200.202406191623/tools/bin/../lib/gcc/arm-none-eabi/12.3.1/thumb/v7e-m+fp/hard/crti.o
LOAD G:/ST/STM32CubeIDE_1.16.0/STM32CubeIDE/plugins/com.st.stm32cube.ide.mcu.externaltools.gnu-tools-for-stm32.12.3.rel1.win32_1.0.200.202406191623/tools/bin/../lib/gcc/arm-none-eabi/12.3.1/thumb/v7e-m+fp/hard/crtbegin.o
LOAD G:/ST/STM32CubeIDE_1.16.0/STM32CubeIDE/plugins/com.st.stm32cube.ide.mcu.externaltools.gnu-tools-for-stm32.12.3.rel1.win32_1.0.200.202406191623/tools/bin/../lib/gcc/arm-none-eabi/12.3.1/../../../../arm-none-eabi/lib/thumb/v7e-m+fp/hard/crt0.o
LOAD ./Core/Src/Com.o
LOAD ./Core/Src/main.o
LOAD ./Core/Src/stm32f3xx_hal_msp.o
LOAD ./Core/Src/stm32f3xx_it.o
LOAD ./Core/Src/syscalls.o
LOAD ./Core/Src/sysmem.o
LOAD ./Core/Src/system_stm32f3xx.o
LOAD ./Core/Startup/startup_stm32f303retx.o
LOAD ./Drivers/STM32F3xx_HAL_Driver/Src/stm32f3xx_hal.o
LOAD ./Drivers/STM32F3xx_HAL_Driver/Src/stm32f3xx_hal_cortex.o
LOAD ./Drivers/STM32F3xx_HAL_Driver/Src/stm32f3xx_hal_dma.o
LOAD ./Drivers/STM32F3xx_HAL_Driver/Src/stm32f3xx_hal_exti.o
LOAD ./Drivers/STM32F3xx_HAL_Driver/Src/stm32f3xx_hal_flash.o
LOAD ./Drivers/STM32F3xx_HAL_Driver/Src/stm32f3xx_hal_flash_ex.o
LOAD ./Drivers/STM32F3xx_HAL_Driver/Src/stm32f3xx_hal_gpio.o
LOAD ./Drivers/STM32F3xx_HAL_Driver/Src/stm32f3xx_hal_i2c.o
LOAD ./Drivers/STM32F3xx_HAL_Driver/Src/stm32f3xx_hal_i2c_ex.o
LOAD ./Drivers/STM32F3xx_HAL_Driver/Src/stm32f3xx_hal_pwr.o
LOAD ./Drivers/STM32F3xx_HAL_Driver/Src/stm32f3xx_hal_pwr_ex.o
LOAD ./Drivers/STM32F3xx_HAL_Driver/Src/stm32f3xx_hal_rcc.o
LOAD ./Drivers/STM32F3xx_HAL_Driver/Src/stm32f3xx_hal_rcc_ex.o
LOAD ./Drivers/STM32F3xx_HAL_Driver/Src/stm32f3xx_hal_tim.o
LOAD ./Drivers/STM32F3xx_HAL_Driver/Src/stm32f3xx_hal_tim_ex.o
LOAD ./Drivers/STM32F3xx_HAL_Driver/Src/stm32f3xx_ll_dma.o
LOAD ./Drivers/STM32F3xx_HAL_Driver/Src/stm32f3xx_ll_exti.o
LOAD ./Drivers/STM32F3xx_HAL_Driver/Src/stm32f3xx_ll_gpio.o
LOAD ./Drivers/STM32F3xx_HAL_Driver/Src/stm32f3xx_ll_rcc.o
LOAD ./Drivers/STM32F3xx_HAL_Driver/Src/stm32f3xx_ll_usart.o
LOAD ./Drivers/STM32F3xx_HAL_Driver/Src/stm32f3xx_ll_utils.o
START GROUP
LOAD G:/ST/STM32CubeIDE_1.16.0/STM32CubeIDE/plugins/com.st.stm32cube.ide.mcu.externaltools.gnu-tools-for-stm32.12.3.rel1.win32_1.0.200.202406191623/tools/bin/../lib/gcc/arm-none-eabi/12.3.1/../../../../arm-none-eabi/lib/thumb/v7e-m+fp/hard\libc_nano.a
LOAD G:/ST/STM32CubeIDE_1.16.0/STM32CubeIDE/plugins/com.st.stm32cube.ide.mcu.externaltools.gnu-tools-for-stm32.12.3.rel1.win32_1.0.200.202406191623/tools/bin/../lib/gcc/arm-none-eabi/12.3.1/../../../../arm-none-eabi/lib/thumb/v7e-m+fp/hard\libm.a
END GROUP
START GROUP
LOAD G:/ST/STM32CubeIDE_1.16.0/STM32CubeIDE/plugins/com.st.stm32cube.ide.mcu.externaltools.gnu-tools-for-stm32.12.3.rel1.win32_1.0.200.202406191623/tools/bin/../lib/gcc/arm-none-eabi/12.3.1/thumb/v7e-m+fp/hard\libgcc.a
LOAD G:/ST/STM32CubeIDE_1.16.0/STM32CubeIDE/plugins/com.st.stm32cube.ide.mcu.externaltools.gnu-tools-for-stm32.12.3.rel1.win32_1.0.200.202406191623/tools/bin/../lib/gcc/arm-none-eabi/12.3.1/../../../../arm-none-eabi/lib/thumb/v7e-m+fp/hard\libc_nano.a
END GROUP
START GROUP
LOAD G:/ST/STM32CubeIDE_1.16.0/STM32CubeIDE/plugins/com.st.stm32cube.ide.mcu.externaltools.gnu-tools-for-stm32.12.3.rel1.win32_1.0.200.202406191623/tools/bin/../lib/gcc/arm-none-eabi/12.3.1/thumb/v7e-m+fp/hard\libgcc.a
LOAD G:/ST/STM32CubeIDE_1.16.0/STM32CubeIDE/plugins/com.st.stm32cube.ide.mcu.externaltools.gnu-tools-for-stm32.12.3.rel1.win32_1.0.200.202406191623/tools/bin/../lib/gcc/arm-none-eabi/12.3.1/../../../../arm-none-eabi/lib/thumb/v7e-m+fp/hard\libc_nano.a
LOAD G:/ST/STM32CubeIDE_1.16.0/STM32CubeIDE/plugins/com.st.stm32cube.ide.mcu.externaltools.gnu-tools-for-stm32.12.3.rel1.win32_1.0.200.202406191623/tools/bin/../lib/gcc/arm-none-eabi/12.3.1/../../../../arm-none-eabi/lib/thumb/v7e-m+fp/hard\libnosys.a
END GROUP
START GROUP
LOAD G:/ST/STM32CubeIDE_1.16.0/STM32CubeIDE/plugins/com.st.stm32cube.ide.mcu.externaltools.gnu-tools-for-stm32.12.3.rel1.win32_1.0.200.202406191623/tools/bin/../lib/gcc/arm-none-eabi/12.3.1/thumb/v7e-m+fp/hard\libgcc.a
LOAD G:/ST/STM32CubeIDE_1.16.0/STM32CubeIDE/plugins/com.st.stm32cube.ide.mcu.externaltools.gnu-tools-for-stm32.12.3.rel1.win32_1.0.200.202406191623/tools/bin/../lib/gcc/arm-none-eabi/12.3.1/../../../../arm-none-eabi/lib/thumb/v7e-m+fp/hard\libc_nano.a
LOAD G:/ST/STM32CubeIDE_1.16.0/STM32CubeIDE/plugins/com.st.stm32cube.ide.mcu.externaltools.gnu-tools-for-stm32.12.3.rel1.win32_1.0.200.202406191623/tools/bin/../lib/gcc/arm-none-eabi/12.3.1/../../../../arm-none-eabi/lib/thumb/v7e-m+fp/hard\libnosys.a
END GROUP
LOAD G:/ST/STM32CubeIDE_1.16.0/STM32CubeIDE/plugins/com.st.stm32cube.ide.mcu.externaltools.gnu-tools-for-stm32.12.3.rel1.win32_1.0.200.202406191623/tools/bin/../lib/gcc/arm-none-eabi/12.3.1/thumb/v7e-m+fp/hard/crtend.o
LOAD G:/ST/STM32CubeIDE_1.16.0/STM32CubeIDE/plugins/com.st.stm32cube.ide.mcu.externaltools.gnu-tools-for-stm32.12.3.rel1.win32_1.0.200.202406191623/tools/bin/../lib/gcc/arm-none-eabi/12.3.1/thumb/v7e-m+fp/hard/crtn.o
                0x20010000                        _estack = (ORIGIN (RAM) + LENGTH (RAM))
                0x00000200                        _Min_Heap_Size = 0x200
                0x00000400                        _Min_Stack_Size = 0x400

.isr_vector     0x08000000      0x194
                0x08000000                        . = ALIGN (0x4)
 *(.isr_vector)
 .isr_vector    0x08000000      0x194 ./Core/Startup/startup_stm32f303retx.o
                0x08000000                g_pfnVectors
                0x08000194                        . = ALIGN (0x4)

.text           0x08000194     0x58a0
                0x08000194                        . = ALIGN (0x4)
 *(.text)
 .text          0x08000194       0x40 G:/ST/STM32CubeIDE_1.16.0/STM32CubeIDE/plugins/com.st.stm32cube.ide.mcu.externaltools.gnu-tools-for-stm32.12.3.rel1.win32_1.0.200.202406191623/tools/bin/../lib/gcc/arm-none-eabi/12.3.1/thumb/v7e-m+fp/hard/crtbegin.o
 .text          0x080001d4      0x190 ./Core/Src/Com.o
                0x080001d4                InitCom
                0x08000218                R_bufferFull
                0x08000240                R_bufferEmpty
                0x08000284                R_Push
                0x080002f4                R_Pop
 .text          0x08000364      0x93c ./Core/Src/main.o
                0x08000458                Set_SCL_RisingNFalling
                0x080004a6                Set_SDA_RisingNFalling
                0x080004f4                Set_SCL_INT
                0x08000514                Set_SDA_INT
                0x0800059c                main
                0x08000674                SystemClock_Config
                0x08000900                Bus_State_Handler
                0x08000be4                HAL_GPIO_EXTI_Callback
                0x08000c38                Timer_Reset
                0x08000c94                Error_Handler
 .text          0x08000ca0       0x48 ./Core/Src/stm32f3xx_hal_msp.o
                0x08000ca0                HAL_MspInit
 .text          0x08000ce8       0x8c ./Core/Src/stm32f3xx_it.o
                0x08000ce8                NMI_Handler
                0x08000cf0                HardFault_Handler
                0x08000cfa                MemManage_Handler
                0x08000d02                BusFault_Handler
                0x08000d0a                UsageFault_Handler
                0x08000d12                SVC_Handler
                0x08000d20                DebugMon_Handler
                0x08000d2e                PendSV_Handler
                0x08000d3c                SysTick_Handler
                0x08000d4c                EXTI9_5_IRQHandler
                0x08000d64                EXTI15_10_IRQHandler
 .text          0x08000d74      0x108 ./Core/Src/system_stm32f3xx.o
                0x08000d74                SystemInit
                0x08000d98                SystemCoreClockUpdate
 .text          0x08000e7c      0x37c ./Drivers/STM32F3xx_HAL_Driver/Src/stm32f3xx_hal.o
                0x08000e7c                HAL_Init
                0x08000ea8                HAL_DeInit
                0x08000ef2                HAL_MspDeInit
                0x08000f00                HAL_InitTick
                0x08000f60                HAL_IncTick
                0x08000f88                HAL_GetTick
                0x08000fa0                HAL_GetTickPrio
                0x08000fb8                HAL_SetTickFreq
                0x08001008                HAL_GetTickFreq
                0x08001020                HAL_Delay
                0x08001068                HAL_SuspendTick
                0x08001088                HAL_ResumeTick
                0x080010a8                HAL_GetHalVersion
                0x080010bc                HAL_GetREVID
                0x080010d4                HAL_GetDEVID
                0x080010f0                HAL_GetUIDw0
                0x08001108                HAL_GetUIDw1
                0x08001120                HAL_GetUIDw2
                0x08001138                HAL_DBGMCU_EnableDBGSleepMode
                0x08001158                HAL_DBGMCU_DisableDBGSleepMode
                0x08001178                HAL_DBGMCU_EnableDBGStopMode
                0x08001198                HAL_DBGMCU_DisableDBGStopMode
                0x080011b8                HAL_DBGMCU_EnableDBGStandbyMode
                0x080011d8                HAL_DBGMCU_DisableDBGStandbyMode
 .text          0x080011f8      0x6b0 ./Drivers/STM32F3xx_HAL_Driver/Src/stm32f3xx_hal_cortex.o
                0x080015c8                HAL_NVIC_SetPriorityGrouping
                0x080015de                HAL_NVIC_SetPriority
                0x08001616                HAL_NVIC_EnableIRQ
                0x08001632                HAL_NVIC_DisableIRQ
                0x0800164e                HAL_NVIC_SystemReset
                0x08001656                HAL_SYSTICK_Config
                0x0800166e                HAL_MPU_Disable
                0x08001698                HAL_MPU_Enable
                0x080016cc                HAL_MPU_EnableRegion
                0x080016f8                HAL_MPU_DisableRegion
                0x08001724                HAL_MPU_ConfigRegion
                0x080017a4                HAL_NVIC_GetPriorityGrouping
                0x080017b2                HAL_NVIC_GetPriority
                0x080017de                HAL_NVIC_SetPendingIRQ
                0x080017fa                HAL_NVIC_GetPendingIRQ
                0x08001818                HAL_NVIC_ClearPendingIRQ
                0x08001834                HAL_NVIC_GetActive
                0x08001852                HAL_SYSTICK_CLKSourceConfig
                0x0800188c                HAL_SYSTICK_IRQHandler
                0x08001898                HAL_SYSTICK_Callback
 .text          0x080018a8      0x618 ./Drivers/STM32F3xx_HAL_Driver/Src/stm32f3xx_hal_gpio.o
                0x080018a8                HAL_GPIO_Init
                0x08001bbc                HAL_GPIO_DeInit
                0x08001d94                HAL_GPIO_ReadPin
                0x08001dc4                HAL_GPIO_WritePin
                0x08001df4                HAL_GPIO_TogglePin
                0x08001e28                HAL_GPIO_LockPin
                0x08001e78                HAL_GPIO_EXTI_IRQHandler
 .text          0x08001ec0     0x18a8 ./Drivers/STM32F3xx_HAL_Driver/Src/stm32f3xx_hal_rcc.o
                0x08001ec0                HAL_RCC_DeInit
                0x08002008                HAL_RCC_OscConfig
                0x080030b0                HAL_RCC_ClockConfig
                0x080033a8                HAL_RCC_MCOConfig
                0x08003410                HAL_RCC_EnableCSS
                0x08003448                HAL_RCC_DisableCSS
                0x08003480                HAL_RCC_GetSysClockFreq
                0x08003528                HAL_RCC_GetHCLKFreq
                0x08003540                HAL_RCC_GetPCLK1Freq
                0x08003584                HAL_RCC_GetPCLK2Freq
                0x080035c8                HAL_RCC_GetOscConfig
                0x080036cc                HAL_RCC_GetClockConfig
                0x08003730                HAL_RCC_NMI_IRQHandler
                0x08003758                HAL_RCC_CSSCallback
 .text          0x08003768      0xe7c ./Drivers/STM32F3xx_HAL_Driver/Src/stm32f3xx_hal_rcc_ex.o
                0x08003768                HAL_RCCEx_PeriphCLKConfig
                0x08003ba4                HAL_RCCEx_GetPeriphCLKConfig
                0x08003d78                HAL_RCCEx_GetPeriphCLKFreq
 .text          0x080045e4      0x47c ./Drivers/STM32F3xx_HAL_Driver/Src/stm32f3xx_ll_gpio.o
                0x0800483c                LL_GPIO_DeInit
                0x08004944                LL_GPIO_Init
                0x08004a24                LL_GPIO_StructInit
 .text          0x08004a60      0xb04 ./Drivers/STM32F3xx_HAL_Driver/Src/stm32f3xx_ll_rcc.o
                0x08004d34                LL_RCC_DeInit
                0x08004dd4                LL_RCC_GetSystemClocksFreq
                0x08004e1e                LL_RCC_GetUSARTClockFreq
                0x08004f98                LL_RCC_GetUARTClockFreq
                0x080050b0                LL_RCC_GetI2CClockFreq
                0x0800515c                LL_RCC_GetI2SClockFreq
                0x080051a0                LL_RCC_GetUSBClockFreq
                0x080051f8                LL_RCC_GetADCClockFreq
                0x08005278                LL_RCC_GetTIMClockFreq
                0x0800541c                RCC_GetSystemClockFreq
                0x08005468                RCC_GetHCLKClockFreq
                0x08005494                RCC_GetPCLK1ClockFreq
                0x080054bc                RCC_GetPCLK2ClockFreq
                0x080054e4                RCC_PLL_GetFreqDomain_SYS
 .text          0x08005564      0x40c ./Drivers/STM32F3xx_HAL_Driver/Src/stm32f3xx_ll_usart.o
                0x080056fc                LL_USART_DeInit
                0x080057ac                LL_USART_Init
                0x080058a8                LL_USART_StructInit
                0x080058e8                LL_USART_ClockInit
                0x08005944                LL_USART_ClockStructInit
 *(.text*)
 .text.Reset_Handler
                0x08005970       0x50 ./Core/Startup/startup_stm32f303retx.o
                0x08005970                Reset_Handler
 .text.Default_Handler
                0x080059c0        0x2 ./Core/Startup/startup_stm32f303retx.o
                0x080059c0                RTC_Alarm_IRQHandler
                0x080059c0                TIM8_TRG_COM_IRQHandler
                0x080059c0                TIM8_CC_IRQHandler
                0x080059c0                SPI4_IRQHandler
                0x080059c0                TIM1_CC_IRQHandler
                0x080059c0                USB_HP_IRQHandler
                0x080059c0                PVD_IRQHandler
                0x080059c0                TAMP_STAMP_IRQHandler
                0x080059c0                EXTI3_IRQHandler
                0x080059c0                I2C3_ER_IRQHandler
                0x080059c0                USB_HP_CAN_TX_IRQHandler
                0x080059c0                EXTI0_IRQHandler
                0x080059c0                I2C2_EV_IRQHandler
                0x080059c0                FPU_IRQHandler
                0x080059c0                TIM1_UP_TIM16_IRQHandler
                0x080059c0                ADC1_2_IRQHandler
                0x080059c0                SPI1_IRQHandler
                0x080059c0                CAN_SCE_IRQHandler
                0x080059c0                TIM6_DAC_IRQHandler
                0x080059c0                TIM8_UP_IRQHandler
                0x080059c0                DMA2_Channel2_IRQHandler
                0x080059c0                DMA1_Channel4_IRQHandler
                0x080059c0                TIM20_TRG_COM_IRQHandler
                0x080059c0                USART3_IRQHandler
                0x080059c0                DMA1_Channel7_IRQHandler
                0x080059c0                UART5_IRQHandler
                0x080059c0                ADC3_IRQHandler
                0x080059c0                TIM4_IRQHandler
                0x080059c0                CAN_RX1_IRQHandler
                0x080059c0                DMA2_Channel1_IRQHandler
                0x080059c0                I2C1_EV_IRQHandler
                0x080059c0                DMA1_Channel6_IRQHandler
                0x080059c0                UART4_IRQHandler
                0x080059c0                DMA2_Channel4_IRQHandler
                0x080059c0                TIM3_IRQHandler
                0x080059c0                RCC_IRQHandler
                0x080059c0                TIM20_UP_IRQHandler
                0x080059c0                DMA1_Channel1_IRQHandler
                0x080059c0                Default_Handler
                0x080059c0                USBWakeUp_RMP_IRQHandler
                0x080059c0                TIM7_IRQHandler
                0x080059c0                I2C3_EV_IRQHandler
                0x080059c0                RTC_WKUP_IRQHandler
                0x080059c0                SPI2_IRQHandler
                0x080059c0                USB_LP_CAN_RX0_IRQHandler
                0x080059c0                DMA2_Channel5_IRQHandler
                0x080059c0                DMA1_Channel5_IRQHandler
                0x080059c0                USB_LP_IRQHandler
                0x080059c0                EXTI4_IRQHandler
                0x080059c0                TIM1_TRG_COM_TIM17_IRQHandler
                0x080059c0                DMA1_Channel3_IRQHandler
                0x080059c0                ADC4_IRQHandler
                0x080059c0                WWDG_IRQHandler
                0x080059c0                TIM2_IRQHandler
                0x080059c0                COMP7_IRQHandler
                0x080059c0                COMP1_2_3_IRQHandler
                0x080059c0                EXTI1_IRQHandler
                0x080059c0                USART2_IRQHandler
                0x080059c0                COMP4_5_6_IRQHandler
                0x080059c0                TIM20_BRK_IRQHandler
                0x080059c0                I2C2_ER_IRQHandler
                0x080059c0                DMA1_Channel2_IRQHandler
                0x080059c0                TIM8_BRK_IRQHandler
                0x080059c0                FLASH_IRQHandler
                0x080059c0                TIM20_CC_IRQHandler
                0x080059c0                USART1_IRQHandler
                0x080059c0                SPI3_IRQHandler
                0x080059c0                I2C1_ER_IRQHandler
                0x080059c0                FMC_IRQHandler
                0x080059c0                USBWakeUp_IRQHandler
                0x080059c0                DMA2_Channel3_IRQHandler
                0x080059c0                EXTI2_TSC_IRQHandler
                0x080059c0                TIM1_BRK_TIM15_IRQHandler
 .text.memset   0x080059c2       0x10 G:/ST/STM32CubeIDE_1.16.0/STM32CubeIDE/plugins/com.st.stm32cube.ide.mcu.externaltools.gnu-tools-for-stm32.12.3.rel1.win32_1.0.200.202406191623/tools/bin/../lib/gcc/arm-none-eabi/12.3.1/../../../../arm-none-eabi/lib/thumb/v7e-m+fp/hard\libc_nano.a(libc_a-memset.o)
                0x080059c2                memset
 *fill*         0x080059d2        0x2 
 .text.__libc_init_array
                0x080059d4       0x48 G:/ST/STM32CubeIDE_1.16.0/STM32CubeIDE/plugins/com.st.stm32cube.ide.mcu.externaltools.gnu-tools-for-stm32.12.3.rel1.win32_1.0.200.202406191623/tools/bin/../lib/gcc/arm-none-eabi/12.3.1/../../../../arm-none-eabi/lib/thumb/v7e-m+fp/hard\libc_nano.a(libc_a-init.o)
                0x080059d4                __libc_init_array
 *(.glue_7)
 .glue_7        0x08005a1c        0x0 linker stubs
 *(.glue_7t)
 .glue_7t       0x08005a1c        0x0 linker stubs
 *(.eh_frame)
 .eh_frame      0x08005a1c        0x0 G:/ST/STM32CubeIDE_1.16.0/STM32CubeIDE/plugins/com.st.stm32cube.ide.mcu.externaltools.gnu-tools-for-stm32.12.3.rel1.win32_1.0.200.202406191623/tools/bin/../lib/gcc/arm-none-eabi/12.3.1/thumb/v7e-m+fp/hard/crtbegin.o
 *(.init)
 .init          0x08005a1c        0x4 G:/ST/STM32CubeIDE_1.16.0/STM32CubeIDE/plugins/com.st.stm32cube.ide.mcu.externaltools.gnu-tools-for-stm32.12.3.rel1.win32_1.0.200.202406191623/tools/bin/../lib/gcc/arm-none-eabi/12.3.1/thumb/v7e-m+fp/hard/crti.o
                0x08005a1c                _init
 .init          0x08005a20        0x8 G:/ST/STM32CubeIDE_1.16.0/STM32CubeIDE/plugins/com.st.stm32cube.ide.mcu.externaltools.gnu-tools-for-stm32.12.3.rel1.win32_1.0.200.202406191623/tools/bin/../lib/gcc/arm-none-eabi/12.3.1/thumb/v7e-m+fp/hard/crtn.o
 *(.fini)
 .fini          0x08005a28        0x4 G:/ST/STM32CubeIDE_1.16.0/STM32CubeIDE/plugins/com.st.stm32cube.ide.mcu.externaltools.gnu-tools-for-stm32.12.3.rel1.win32_1.0.200.202406191623/tools/bin/../lib/gcc/arm-none-eabi/12.3.1/thumb/v7e-m+fp/hard/crti.o
                0x08005a28                _fini
 .fini          0x08005a2c        0x8 G:/ST/STM32CubeIDE_1.16.0/STM32CubeIDE/plugins/com.st.stm32cube.ide.mcu.externaltools.gnu-tools-for-stm32.12.3.rel1.win32_1.0.200.202406191623/tools/bin/../lib/gcc/arm-none-eabi/12.3.1/thumb/v7e-m+fp/hard/crtn.o
                0x08005a34                        . = ALIGN (0x4)
                0x08005a34                        _etext = .

.vfp11_veneer   0x08005a34        0x0
 .vfp11_veneer  0x08005a34        0x0 linker stubs

.v4_bx          0x08005a34        0x0
 .v4_bx         0x08005a34        0x0 linker stubs

.iplt           0x08005a34        0x0
 .iplt          0x08005a34        0x0 G:/ST/STM32CubeIDE_1.16.0/STM32CubeIDE/plugins/com.st.stm32cube.ide.mcu.externaltools.gnu-tools-for-stm32.12.3.rel1.win32_1.0.200.202406191623/tools/bin/../lib/gcc/arm-none-eabi/12.3.1/thumb/v7e-m+fp/hard/crtbegin.o

.rodata         0x08005a34       0x78
                0x08005a34                        . = ALIGN (0x4)
 *(.rodata)
 .rodata        0x08005a34       0x18 ./Core/Src/system_stm32f3xx.o
                0x08005a34                AHBPrescTable
                0x08005a44                APBPrescTable
 .rodata        0x08005a4c       0x20 ./Drivers/STM32F3xx_HAL_Driver/Src/stm32f3xx_hal_rcc.o
 .rodata        0x08005a6c       0x20 ./Drivers/STM32F3xx_HAL_Driver/Src/stm32f3xx_hal_rcc_ex.o
 .rodata        0x08005a8c       0x20 ./Drivers/STM32F3xx_HAL_Driver/Src/stm32f3xx_ll_rcc.o
 *(.rodata*)
                0x08005aac                        . = ALIGN (0x4)

.ARM.extab      0x08005aac        0x0
                0x08005aac                        . = ALIGN (0x4)
 *(.ARM.extab* .gnu.linkonce.armextab.*)
                0x08005aac                        . = ALIGN (0x4)

.ARM            0x08005aac        0x0
                0x08005aac                        . = ALIGN (0x4)
                0x08005aac                        __exidx_start = .
 *(.ARM.exidx*)
                0x08005aac                        __exidx_end = .
                0x08005aac                        . = ALIGN (0x4)

.preinit_array  0x08005aac        0x0
                0x08005aac                        . = ALIGN (0x4)
                0x08005aac                        PROVIDE (__preinit_array_start = .)
 *(.preinit_array*)
                0x08005aac                        PROVIDE (__preinit_array_end = .)
                0x08005aac                        . = ALIGN (0x4)

.init_array     0x08005aac        0x4
                0x08005aac                        . = ALIGN (0x4)
                0x08005aac                        PROVIDE (__init_array_start = .)
 *(SORT_BY_NAME(.init_array.*))
 *(.init_array*)
 .init_array    0x08005aac        0x4 G:/ST/STM32CubeIDE_1.16.0/STM32CubeIDE/plugins/com.st.stm32cube.ide.mcu.externaltools.gnu-tools-for-stm32.12.3.rel1.win32_1.0.200.202406191623/tools/bin/../lib/gcc/arm-none-eabi/12.3.1/thumb/v7e-m+fp/hard/crtbegin.o
                0x08005ab0                        PROVIDE (__init_array_end = .)
                0x08005ab0                        . = ALIGN (0x4)

.fini_array     0x08005ab0        0x4
                0x08005ab0                        . = ALIGN (0x4)
                [!provide]                        PROVIDE (__fini_array_start = .)
 *(SORT_BY_NAME(.fini_array.*))
 *(.fini_array*)
 .fini_array    0x08005ab0        0x4 G:/ST/STM32CubeIDE_1.16.0/STM32CubeIDE/plugins/com.st.stm32cube.ide.mcu.externaltools.gnu-tools-for-stm32.12.3.rel1.win32_1.0.200.202406191623/tools/bin/../lib/gcc/arm-none-eabi/12.3.1/thumb/v7e-m+fp/hard/crtbegin.o
                [!provide]                        PROVIDE (__fini_array_end = .)
                0x08005ab4                        . = ALIGN (0x4)
                0x08005ab4                        _sidata = LOADADDR (.data)

.rel.dyn        0x08005ab4        0x0
 .rel.iplt      0x08005ab4        0x0 G:/ST/STM32CubeIDE_1.16.0/STM32CubeIDE/plugins/com.st.stm32cube.ide.mcu.externaltools.gnu-tools-for-stm32.12.3.rel1.win32_1.0.200.202406191623/tools/bin/../lib/gcc/arm-none-eabi/12.3.1/thumb/v7e-m+fp/hard/crtbegin.o

.data           0x20000000       0x10 load address 0x08005ab4
                0x20000000                        . = ALIGN (0x4)
                0x20000000                        _sdata = .
 *(.data)
 .data          0x20000000        0x1 ./Core/Src/Com.o
                0x20000000                Popindex
 .data          0x20000001        0x2 ./Core/Src/main.o
                0x20000001                Bit_Count
                0x20000002                rbuf_index
 *fill*         0x20000003        0x1 
 .data          0x20000004        0x4 ./Core/Src/system_stm32f3xx.o
                0x20000004                SystemCoreClock
 .data          0x20000008        0x5 ./Drivers/STM32F3xx_HAL_Driver/Src/stm32f3xx_hal.o
                0x20000008                uwTickPrio
                0x2000000c                uwTickFreq
 *(.data*)
 *(.RamFunc)
 *(.RamFunc*)
                0x20000010                        . = ALIGN (0x4)
 *fill*         0x2000000d        0x3 
                0x20000010                        _edata = .
                0x08005ac4                        _siccmram = LOADADDR (.ccmram)

.igot.plt       0x20000010        0x0 load address 0x08005ac4
 .igot.plt      0x20000010        0x0 G:/ST/STM32CubeIDE_1.16.0/STM32CubeIDE/plugins/com.st.stm32cube.ide.mcu.externaltools.gnu-tools-for-stm32.12.3.rel1.win32_1.0.200.202406191623/tools/bin/../lib/gcc/arm-none-eabi/12.3.1/thumb/v7e-m+fp/hard/crtbegin.o

.ccmram         0x10000000        0x0 load address 0x08005ac4
                0x10000000                        . = ALIGN (0x4)
                0x10000000                        _sccmram = .
 *(.ccmram)
 *(.ccmram*)
                0x10000000                        . = ALIGN (0x4)
                0x10000000                        _eccmram = .
                0x10000000                        . = ALIGN (0x4)

.bss            0x20000010      0x164
                0x20000010                        _sbss = .
                0x20000010                        __bss_start__ = _sbss
 *(.bss)
 .bss           0x20000010       0x1c G:/ST/STM32CubeIDE_1.16.0/STM32CubeIDE/plugins/com.st.stm32cube.ide.mcu.externaltools.gnu-tools-for-stm32.12.3.rel1.win32_1.0.200.202406191623/tools/bin/../lib/gcc/arm-none-eabi/12.3.1/thumb/v7e-m+fp/hard/crtbegin.o
 .bss           0x2000002c       0xf4 ./Core/Src/Com.o
                0x2000002c                Pushindex
                0x20000030                CommandInternal_
                0x20000050                CommandInternal
                0x20000054                Buffer_packet_Location
                0x20000108                commandStack
 .bss           0x20000120       0x4e ./Core/Src/main.o
                0x20000120                bufferH_
                0x20000140                BufferH
                0x20000144                BufferR_
                0x20000164                BufferR
                0x20000168                SCL_Enable
                0x20000169                SDA_Enable
                0x2000016a                Data_Byte
                0x2000016b                counter
                0x2000016c                main_State
 *fill*         0x2000016e        0x2 
 .bss           0x20000170        0x4 ./Drivers/STM32F3xx_HAL_Driver/Src/stm32f3xx_hal.o
                0x20000170                uwTick
 *(.bss*)
 *(COMMON)
                0x20000174                        . = ALIGN (0x4)
                0x20000174                        _ebss = .
                0x20000174                        __bss_end__ = _ebss

._user_heap_stack
                0x20000174      0x604
                0x20000178                        . = ALIGN (0x8)
 *fill*         0x20000174        0x4 
                [!provide]                        PROVIDE (end = .)
                0x20000178                        PROVIDE (_end = .)
                0x20000378                        . = (. + _Min_Heap_Size)
 *fill*         0x20000178      0x200 
                0x20000778                        . = (. + _Min_Stack_Size)
 *fill*         0x20000378      0x400 
                0x20000778                        . = ALIGN (0x8)

/DISCARD/
 libc.a(*)
 libm.a(*)
 libgcc.a(*)

.ARM.attributes
                0x00000000       0x30
 *(.ARM.attributes)
 .ARM.attributes
                0x00000000       0x22 G:/ST/STM32CubeIDE_1.16.0/STM32CubeIDE/plugins/com.st.stm32cube.ide.mcu.externaltools.gnu-tools-for-stm32.12.3.rel1.win32_1.0.200.202406191623/tools/bin/../lib/gcc/arm-none-eabi/12.3.1/thumb/v7e-m+fp/hard/crti.o
 .ARM.attributes
                0x00000022       0x34 G:/ST/STM32CubeIDE_1.16.0/STM32CubeIDE/plugins/com.st.stm32cube.ide.mcu.externaltools.gnu-tools-for-stm32.12.3.rel1.win32_1.0.200.202406191623/tools/bin/../lib/gcc/arm-none-eabi/12.3.1/thumb/v7e-m+fp/hard/crtbegin.o
 .ARM.attributes
                0x00000056       0x34 ./Core/Src/Com.o
 .ARM.attributes
                0x0000008a       0x34 ./Core/Src/main.o
 .ARM.attributes
                0x000000be       0x34 ./Core/Src/stm32f3xx_hal_msp.o
 .ARM.attributes
                0x000000f2       0x34 ./Core/Src/stm32f3xx_it.o
 .ARM.attributes
                0x00000126       0x34 ./Core/Src/system_stm32f3xx.o
 .ARM.attributes
                0x0000015a       0x21 ./Core/Startup/startup_stm32f303retx.o
 .ARM.attributes
                0x0000017b       0x34 ./Drivers/STM32F3xx_HAL_Driver/Src/stm32f3xx_hal.o
 .ARM.attributes
                0x000001af       0x34 ./Drivers/STM32F3xx_HAL_Driver/Src/stm32f3xx_hal_cortex.o
 .ARM.attributes
                0x000001e3       0x34 ./Drivers/STM32F3xx_HAL_Driver/Src/stm32f3xx_hal_gpio.o
 .ARM.attributes
                0x00000217       0x34 ./Drivers/STM32F3xx_HAL_Driver/Src/stm32f3xx_hal_rcc.o
 .ARM.attributes
                0x0000024b       0x34 ./Drivers/STM32F3xx_HAL_Driver/Src/stm32f3xx_hal_rcc_ex.o
 .ARM.attributes
                0x0000027f       0x34 ./Drivers/STM32F3xx_HAL_Driver/Src/stm32f3xx_ll_gpio.o
 .ARM.attributes
                0x000002b3       0x34 ./Drivers/STM32F3xx_HAL_Driver/Src/stm32f3xx_ll_rcc.o
 .ARM.attributes
                0x000002e7       0x34 ./Drivers/STM32F3xx_HAL_Driver/Src/stm32f3xx_ll_usart.o
 .ARM.attributes
                0x0000031b       0x34 G:/ST/STM32CubeIDE_1.16.0/STM32CubeIDE/plugins/com.st.stm32cube.ide.mcu.externaltools.gnu-tools-for-stm32.12.3.rel1.win32_1.0.200.202406191623/tools/bin/../lib/gcc/arm-none-eabi/12.3.1/../../../../arm-none-eabi/lib/thumb/v7e-m+fp/hard\libc_nano.a(libc_a-memset.o)
 .ARM.attributes
                0x0000034f       0x34 G:/ST/STM32CubeIDE_1.16.0/STM32CubeIDE/plugins/com.st.stm32cube.ide.mcu.externaltools.gnu-tools-for-stm32.12.3.rel1.win32_1.0.200.202406191623/tools/bin/../lib/gcc/arm-none-eabi/12.3.1/../../../../arm-none-eabi/lib/thumb/v7e-m+fp/hard\libc_nano.a(libc_a-init.o)
 .ARM.attributes
                0x00000383       0x22 G:/ST/STM32CubeIDE_1.16.0/STM32CubeIDE/plugins/com.st.stm32cube.ide.mcu.externaltools.gnu-tools-for-stm32.12.3.rel1.win32_1.0.200.202406191623/tools/bin/../lib/gcc/arm-none-eabi/12.3.1/thumb/v7e-m+fp/hard/crtn.o
OUTPUT(VINDSTYRKA_Nucleo.elf elf32-littlearm)
LOAD linker stubs
LOAD G:/ST/STM32CubeIDE_1.16.0/STM32CubeIDE/plugins/com.st.stm32cube.ide.mcu.externaltools.gnu-tools-for-stm32.12.3.rel1.win32_1.0.200.202406191623/tools/bin/../lib/gcc/arm-none-eabi/12.3.1/../../../../arm-none-eabi/lib/thumb/v7e-m+fp/hard\libc.a
LOAD G:/ST/STM32CubeIDE_1.16.0/STM32CubeIDE/plugins/com.st.stm32cube.ide.mcu.externaltools.gnu-tools-for-stm32.12.3.rel1.win32_1.0.200.202406191623/tools/bin/../lib/gcc/arm-none-eabi/12.3.1/../../../../arm-none-eabi/lib/thumb/v7e-m+fp/hard\libm.a
LOAD G:/ST/STM32CubeIDE_1.16.0/STM32CubeIDE/plugins/com.st.stm32cube.ide.mcu.externaltools.gnu-tools-for-stm32.12.3.rel1.win32_1.0.200.202406191623/tools/bin/../lib/gcc/arm-none-eabi/12.3.1/thumb/v7e-m+fp/hard\libgcc.a

.debug_info     0x00000000     0x66aa
 .debug_info    0x00000000      0x1fc ./Core/Src/Com.o
 .debug_info    0x000001fc     0x1179 ./Core/Src/main.o
 .debug_info    0x00001375      0x1e8 ./Core/Src/stm32f3xx_hal_msp.o
 .debug_info    0x0000155d      0x1a8 ./Core/Src/stm32f3xx_it.o
 .debug_info    0x00001705      0x407 ./Core/Src/system_stm32f3xx.o
 .debug_info    0x00001b0c       0x30 ./Core/Startup/startup_stm32f303retx.o
 .debug_info    0x00001b3c      0x804 ./Drivers/STM32F3xx_HAL_Driver/Src/stm32f3xx_hal.o
 .debug_info    0x00002340      0xd14 ./Drivers/STM32F3xx_HAL_Driver/Src/stm32f3xx_hal_cortex.o
 .debug_info    0x00003054      0x6a6 ./Drivers/STM32F3xx_HAL_Driver/Src/stm32f3xx_hal_gpio.o
 .debug_info    0x000036fa     0x149a ./Drivers/STM32F3xx_HAL_Driver/Src/stm32f3xx_hal_rcc.o
 .debug_info    0x00004b94      0x61b ./Drivers/STM32F3xx_HAL_Driver/Src/stm32f3xx_hal_rcc_ex.o
 .debug_info    0x000051af      0x6ee ./Drivers/STM32F3xx_HAL_Driver/Src/stm32f3xx_ll_gpio.o
 .debug_info    0x0000589d      0x7e1 ./Drivers/STM32F3xx_HAL_Driver/Src/stm32f3xx_ll_rcc.o
 .debug_info    0x0000607e      0x62c ./Drivers/STM32F3xx_HAL_Driver/Src/stm32f3xx_ll_usart.o

.debug_abbrev   0x00000000     0x1a2c
 .debug_abbrev  0x00000000      0x101 ./Core/Src/Com.o
 .debug_abbrev  0x00000101      0x3c9 ./Core/Src/main.o
 .debug_abbrev  0x000004ca       0xf9 ./Core/Src/stm32f3xx_hal_msp.o
 .debug_abbrev  0x000005c3       0xdd ./Core/Src/stm32f3xx_it.o
 .debug_abbrev  0x000006a0      0x11a ./Core/Src/system_stm32f3xx.o
 .debug_abbrev  0x000007ba       0x24 ./Core/Startup/startup_stm32f303retx.o
 .debug_abbrev  0x000007de      0x215 ./Drivers/STM32F3xx_HAL_Driver/Src/stm32f3xx_hal.o
 .debug_abbrev  0x000009f3      0x31e ./Drivers/STM32F3xx_HAL_Driver/Src/stm32f3xx_hal_cortex.o
 .debug_abbrev  0x00000d11      0x1ca ./Drivers/STM32F3xx_HAL_Driver/Src/stm32f3xx_hal_gpio.o
 .debug_abbrev  0x00000edb      0x300 ./Drivers/STM32F3xx_HAL_Driver/Src/stm32f3xx_hal_rcc.o
 .debug_abbrev  0x000011db      0x221 ./Drivers/STM32F3xx_HAL_Driver/Src/stm32f3xx_hal_rcc_ex.o
 .debug_abbrev  0x000013fc      0x21e ./Drivers/STM32F3xx_HAL_Driver/Src/stm32f3xx_ll_gpio.o
 .debug_abbrev  0x0000161a      0x246 ./Drivers/STM32F3xx_HAL_Driver/Src/stm32f3xx_ll_rcc.o
 .debug_abbrev  0x00001860      0x1cc ./Drivers/STM32F3xx_HAL_Driver/Src/stm32f3xx_ll_usart.o

.debug_aranges  0x00000000      0x1c8
 .debug_aranges
                0x00000000       0x20 ./Core/Src/Com.o
 .debug_aranges
                0x00000020       0x20 ./Core/Src/main.o
 .debug_aranges
                0x00000040       0x20 ./Core/Src/stm32f3xx_hal_msp.o
 .debug_aranges
                0x00000060       0x20 ./Core/Src/stm32f3xx_it.o
 .debug_aranges
                0x00000080       0x20 ./Core/Src/system_stm32f3xx.o
 .debug_aranges
                0x000000a0       0x28 ./Core/Startup/startup_stm32f303retx.o
 .debug_aranges
                0x000000c8       0x20 ./Drivers/STM32F3xx_HAL_Driver/Src/stm32f3xx_hal.o
 .debug_aranges
                0x000000e8       0x20 ./Drivers/STM32F3xx_HAL_Driver/Src/stm32f3xx_hal_cortex.o
 .debug_aranges
                0x00000108       0x20 ./Drivers/STM32F3xx_HAL_Driver/Src/stm32f3xx_hal_gpio.o
 .debug_aranges
                0x00000128       0x20 ./Drivers/STM32F3xx_HAL_Driver/Src/stm32f3xx_hal_rcc.o
 .debug_aranges
                0x00000148       0x20 ./Drivers/STM32F3xx_HAL_Driver/Src/stm32f3xx_hal_rcc_ex.o
 .debug_aranges
                0x00000168       0x20 ./Drivers/STM32F3xx_HAL_Driver/Src/stm32f3xx_ll_gpio.o
 .debug_aranges
                0x00000188       0x20 ./Drivers/STM32F3xx_HAL_Driver/Src/stm32f3xx_ll_rcc.o
 .debug_aranges
                0x000001a8       0x20 ./Drivers/STM32F3xx_HAL_Driver/Src/stm32f3xx_ll_usart.o

.debug_macro    0x00000000    0x20f9c
 .debug_macro   0x00000000      0x1d6 ./Core/Src/Com.o
 .debug_macro   0x000001d6      0xaba ./Core/Src/Com.o
 .debug_macro   0x00000c90       0x22 ./Core/Src/Com.o
 .debug_macro   0x00000cb2       0x10 ./Core/Src/Com.o
 .debug_macro   0x00000cc2       0x22 ./Core/Src/Com.o
 .debug_macro   0x00000ce4       0x8e ./Core/Src/Com.o
 .debug_macro   0x00000d72       0x51 ./Core/Src/Com.o
 .debug_macro   0x00000dc3      0x103 ./Core/Src/Com.o
 .debug_macro   0x00000ec6       0x6a ./Core/Src/Com.o
 .debug_macro   0x00000f30      0x1df ./Core/Src/Com.o
 .debug_macro   0x0000110f       0x2e ./Core/Src/Com.o
 .debug_macro   0x0000113d       0x28 ./Core/Src/Com.o
 .debug_macro   0x00001165       0x1c ./Core/Src/Com.o
 .debug_macro   0x00001181       0x22 ./Core/Src/Com.o
 .debug_macro   0x000011a3       0xd9 ./Core/Src/Com.o
 .debug_macro   0x0000127c     0x102d ./Core/Src/Com.o
 .debug_macro   0x000022a9      0x11f ./Core/Src/Com.o
 .debug_macro   0x000023c8    0x1535a ./Core/Src/Com.o
 .debug_macro   0x00017722       0x6d ./Core/Src/Com.o
 .debug_macro   0x0001778f      0x14b ./Core/Src/Com.o
 .debug_macro   0x000178da     0x3574 ./Core/Src/Com.o
 .debug_macro   0x0001ae4e      0x189 ./Core/Src/Com.o
 .debug_macro   0x0001afd7       0x55 ./Core/Src/Com.o
 .debug_macro   0x0001b02c      0x953 ./Core/Src/Com.o
 .debug_macro   0x0001b97f      0x84a ./Core/Src/Com.o
 .debug_macro   0x0001c1c9      0x1b5 ./Core/Src/Com.o
 .debug_macro   0x0001c37e      0x23a ./Core/Src/Com.o
 .debug_macro   0x0001c5b8      0x1ea ./Core/Src/Com.o
 .debug_macro   0x0001c7a2      0x1bc ./Core/Src/Com.o
 .debug_macro   0x0001c95e       0x30 ./Core/Src/Com.o
 .debug_macro   0x0001c98e       0x3c ./Core/Src/Com.o
 .debug_macro   0x0001c9ca      0x235 ./Core/Src/Com.o
 .debug_macro   0x0001cbff       0xc5 ./Core/Src/Com.o
 .debug_macro   0x0001ccc4      0x21d ./Core/Src/Com.o
 .debug_macro   0x0001cee1      0x22c ./Core/Src/Com.o
 .debug_macro   0x0001d10d       0x5b ./Core/Src/Com.o
 .debug_macro   0x0001d168       0xa5 ./Core/Src/Com.o
 .debug_macro   0x0001d20d       0x81 ./Core/Src/Com.o
 .debug_macro   0x0001d28e       0xd3 ./Core/Src/Com.o
 .debug_macro   0x0001d361      0x347 ./Core/Src/Com.o
 .debug_macro   0x0001d6a8      0x1a1 ./Core/Src/Com.o
 .debug_macro   0x0001d849      0x22a ./Core/Src/main.o
 .debug_macro   0x0001da73      0x2f7 ./Core/Src/main.o
 .debug_macro   0x0001dd6a      0x627 ./Core/Src/main.o
 .debug_macro   0x0001e391      0x149 ./Core/Src/main.o
 .debug_macro   0x0001e4da      0x1a7 ./Core/Src/main.o
 .debug_macro   0x0001e681      0x39f ./Core/Src/main.o
 .debug_macro   0x0001ea20       0x30 ./Core/Src/main.o
 .debug_macro   0x0001ea50       0xae ./Core/Src/main.o
 .debug_macro   0x0001eafe      0x142 ./Core/Src/main.o
 .debug_macro   0x0001ec40      0x287 ./Core/Src/main.o
 .debug_macro   0x0001eec7      0x148 ./Core/Src/main.o
 .debug_macro   0x0001f00f       0x82 ./Core/Src/main.o
 .debug_macro   0x0001f091       0x16 ./Core/Src/main.o
 .debug_macro   0x0001f0a7      0x218 ./Core/Src/stm32f3xx_hal_msp.o
 .debug_macro   0x0001f2bf      0x222 ./Core/Src/stm32f3xx_it.o
 .debug_macro   0x0001f4e1      0x1af ./Core/Src/system_stm32f3xx.o
 .debug_macro   0x0001f690      0x1d3 ./Drivers/STM32F3xx_HAL_Driver/Src/stm32f3xx_hal.o
 .debug_macro   0x0001f863      0x1af ./Drivers/STM32F3xx_HAL_Driver/Src/stm32f3xx_hal_cortex.o
 .debug_macro   0x0001fa12      0x1b6 ./Drivers/STM32F3xx_HAL_Driver/Src/stm32f3xx_hal_gpio.o
 .debug_macro   0x0001fbc8      0x1d3 ./Drivers/STM32F3xx_HAL_Driver/Src/stm32f3xx_hal_rcc.o
 .debug_macro   0x0001fd9b      0x1af ./Drivers/STM32F3xx_HAL_Driver/Src/stm32f3xx_hal_rcc_ex.o
 .debug_macro   0x0001ff4a      0x1f1 ./Drivers/STM32F3xx_HAL_Driver/Src/stm32f3xx_ll_gpio.o
 .debug_macro   0x0002013b      0x13c ./Drivers/STM32F3xx_HAL_Driver/Src/stm32f3xx_ll_gpio.o
 .debug_macro   0x00020277      0x1ef ./Drivers/STM32F3xx_HAL_Driver/Src/stm32f3xx_ll_rcc.o
 .debug_macro   0x00020466      0x621 ./Drivers/STM32F3xx_HAL_Driver/Src/stm32f3xx_ll_rcc.o
 .debug_macro   0x00020a87      0x224 ./Drivers/STM32F3xx_HAL_Driver/Src/stm32f3xx_ll_usart.o
 .debug_macro   0x00020cab      0x2f1 ./Drivers/STM32F3xx_HAL_Driver/Src/stm32f3xx_ll_usart.o

.debug_line     0x00000000     0x890d
 .debug_line    0x00000000      0x7ba ./Core/Src/Com.o
 .debug_line    0x000007ba      0xbf9 ./Core/Src/main.o
 .debug_line    0x000013b3      0x7ff ./Core/Src/stm32f3xx_hal_msp.o
 .debug_line    0x00001bb2      0x861 ./Core/Src/stm32f3xx_it.o
 .debug_line    0x00002413      0x785 ./Core/Src/system_stm32f3xx.o
 .debug_line    0x00002b98       0x7a ./Core/Startup/startup_stm32f303retx.o
 .debug_line    0x00002c12      0x83b ./Drivers/STM32F3xx_HAL_Driver/Src/stm32f3xx_hal.o
 .debug_line    0x0000344d      0xaa7 ./Drivers/STM32F3xx_HAL_Driver/Src/stm32f3xx_hal_cortex.o
 .debug_line    0x00003ef4      0xafb ./Drivers/STM32F3xx_HAL_Driver/Src/stm32f3xx_hal_gpio.o
 .debug_line    0x000049ef     0x12ab ./Drivers/STM32F3xx_HAL_Driver/Src/stm32f3xx_hal_rcc.o
 .debug_line    0x00005c9a      0xeb0 ./Drivers/STM32F3xx_HAL_Driver/Src/stm32f3xx_hal_rcc_ex.o
 .debug_line    0x00006b4a      0x949 ./Drivers/STM32F3xx_HAL_Driver/Src/stm32f3xx_ll_gpio.o
 .debug_line    0x00007493      0xbb5 ./Drivers/STM32F3xx_HAL_Driver/Src/stm32f3xx_ll_rcc.o
 .debug_line    0x00008048      0x8c5 ./Drivers/STM32F3xx_HAL_Driver/Src/stm32f3xx_ll_usart.o

.debug_str      0x00000000    0xc366a
 .debug_str     0x00000000    0xb655c ./Core/Src/Com.o
                              0xb6ea3 (size before relaxing)
 .debug_str     0x000b655c     0xaaf5 ./Core/Src/main.o
                              0xc1ad9 (size before relaxing)
 .debug_str     0x000c1051       0x49 ./Core/Src/stm32f3xx_hal_msp.o
                              0xc0da5 (size before relaxing)
 .debug_str     0x000c109a      0x10a ./Core/Src/stm32f3xx_it.o
                              0xc0e18 (size before relaxing)
 .debug_str     0x000c11a4       0xe9 ./Core/Src/system_stm32f3xx.o
                              0xb631e (size before relaxing)
 .debug_str     0x000c128d       0x44 ./Core/Startup/startup_stm32f303retx.o
                                 0x73 (size before relaxing)
 .debug_str     0x000c12d1      0x384 ./Drivers/STM32F3xx_HAL_Driver/Src/stm32f3xx_hal.o
                              0xb6bc7 (size before relaxing)
 .debug_str     0x000c1655      0x396 ./Drivers/STM32F3xx_HAL_Driver/Src/stm32f3xx_hal_cortex.o
                              0xb6c4b (size before relaxing)
 .debug_str     0x000c19eb      0x14b ./Drivers/STM32F3xx_HAL_Driver/Src/stm32f3xx_hal_gpio.o
                              0xb6503 (size before relaxing)
 .debug_str     0x000c1b36      0x2d6 ./Drivers/STM32F3xx_HAL_Driver/Src/stm32f3xx_hal_rcc.o
                              0xb67c2 (size before relaxing)
 .debug_str     0x000c1e0c       0xb4 ./Drivers/STM32F3xx_HAL_Driver/Src/stm32f3xx_hal_rcc_ex.o
                              0xb660c (size before relaxing)
 .debug_str     0x000c1ec0      0x621 ./Drivers/STM32F3xx_HAL_Driver/Src/stm32f3xx_ll_gpio.o
                              0xb78fb (size before relaxing)
 .debug_str     0x000c24e1      0x911 ./Drivers/STM32F3xx_HAL_Driver/Src/stm32f3xx_ll_rcc.o
                              0xba26f (size before relaxing)
 .debug_str     0x000c2df2      0x878 ./Drivers/STM32F3xx_HAL_Driver/Src/stm32f3xx_ll_usart.o
                              0xbbc17 (size before relaxing)

.comment        0x00000000       0x43
 .comment       0x00000000       0x43 ./Core/Src/Com.o
                                 0x44 (size before relaxing)
 .comment       0x00000043       0x44 ./Core/Src/main.o
 .comment       0x00000043       0x44 ./Core/Src/stm32f3xx_hal_msp.o
 .comment       0x00000043       0x44 ./Core/Src/stm32f3xx_it.o
 .comment       0x00000043       0x44 ./Core/Src/system_stm32f3xx.o
 .comment       0x00000043       0x44 ./Drivers/STM32F3xx_HAL_Driver/Src/stm32f3xx_hal.o
 .comment       0x00000043       0x44 ./Drivers/STM32F3xx_HAL_Driver/Src/stm32f3xx_hal_cortex.o
 .comment       0x00000043       0x44 ./Drivers/STM32F3xx_HAL_Driver/Src/stm32f3xx_hal_gpio.o
 .comment       0x00000043       0x44 ./Drivers/STM32F3xx_HAL_Driver/Src/stm32f3xx_hal_rcc.o
 .comment       0x00000043       0x44 ./Drivers/STM32F3xx_HAL_Driver/Src/stm32f3xx_hal_rcc_ex.o
 .comment       0x00000043       0x44 ./Drivers/STM32F3xx_HAL_Driver/Src/stm32f3xx_ll_gpio.o
 .comment       0x00000043       0x44 ./Drivers/STM32F3xx_HAL_Driver/Src/stm32f3xx_ll_rcc.o
 .comment       0x00000043       0x44 ./Drivers/STM32F3xx_HAL_Driver/Src/stm32f3xx_ll_usart.o

.debug_frame    0x00000000     0x1a88
 .debug_frame   0x00000000       0xc0 ./Core/Src/Com.o
 .debug_frame   0x000000c0      0x2a8 ./Core/Src/main.o
 .debug_frame   0x00000368       0x34 ./Core/Src/stm32f3xx_hal_msp.o
 .debug_frame   0x0000039c      0x13c ./Core/Src/stm32f3xx_it.o
 .debug_frame   0x000004d8       0x58 ./Core/Src/system_stm32f3xx.o
 .debug_frame   0x00000530      0x334 ./Drivers/STM32F3xx_HAL_Driver/Src/stm32f3xx_hal.o
 .debug_frame   0x00000864      0x4e8 ./Drivers/STM32F3xx_HAL_Driver/Src/stm32f3xx_hal_cortex.o
 .debug_frame   0x00000d4c      0x14c ./Drivers/STM32F3xx_HAL_Driver/Src/stm32f3xx_hal_gpio.o
 .debug_frame   0x00000e98      0x214 ./Drivers/STM32F3xx_HAL_Driver/Src/stm32f3xx_hal_rcc.o
 .debug_frame   0x000010ac       0xb0 ./Drivers/STM32F3xx_HAL_Driver/Src/stm32f3xx_hal_rcc_ex.o
 .debug_frame   0x0000115c      0x1c0 ./Drivers/STM32F3xx_HAL_Driver/Src/stm32f3xx_ll_gpio.o
 .debug_frame   0x0000131c      0x4ec ./Drivers/STM32F3xx_HAL_Driver/Src/stm32f3xx_ll_rcc.o
 .debug_frame   0x00001808      0x234 ./Drivers/STM32F3xx_HAL_Driver/Src/stm32f3xx_ll_usart.o
 .debug_frame   0x00001a3c       0x20 G:/ST/STM32CubeIDE_1.16.0/STM32CubeIDE/plugins/com.st.stm32cube.ide.mcu.externaltools.gnu-tools-for-stm32.12.3.rel1.win32_1.0.200.202406191623/tools/bin/../lib/gcc/arm-none-eabi/12.3.1/../../../../arm-none-eabi/lib/thumb/v7e-m+fp/hard\libc_nano.a(libc_a-memset.o)
 .debug_frame   0x00001a5c       0x2c G:/ST/STM32CubeIDE_1.16.0/STM32CubeIDE/plugins/com.st.stm32cube.ide.mcu.externaltools.gnu-tools-for-stm32.12.3.rel1.win32_1.0.200.202406191623/tools/bin/../lib/gcc/arm-none-eabi/12.3.1/../../../../arm-none-eabi/lib/thumb/v7e-m+fp/hard\libc_nano.a(libc_a-init.o)

.debug_line_str
                0x00000000       0x57
 .debug_line_str
                0x00000000       0x57 ./Core/Startup/startup_stm32f303retx.o

.debug_rnglists
                0x00000000       0x19
 .debug_rnglists
                0x00000000       0x19 ./Core/Startup/startup_stm32f303retx.o
