Archive member included to satisfy reference by file (symbol)

G:/ST/STM32CubeIDE_1.16.0/STM32CubeIDE/plugins/com.st.stm32cube.ide.mcu.externaltools.gnu-tools-for-stm32.12.3.rel1.win32_1.0.200.202406191623/tools/bin/../lib/gcc/arm-none-eabi/12.3.1/../../../../arm-none-eabi/lib/thumb/v7e-m+fp/hard\libc_nano.a(libc_a-exit.o)
                              G:/ST/STM32CubeIDE_1.16.0/STM32CubeIDE/plugins/com.st.stm32cube.ide.mcu.externaltools.gnu-tools-for-stm32.12.3.rel1.win32_1.0.200.202406191623/tools/bin/../lib/gcc/arm-none-eabi/12.3.1/../../../../arm-none-eabi/lib/thumb/v7e-m+fp/hard/crt0.o (exit)
G:/ST/STM32CubeIDE_1.16.0/STM32CubeIDE/plugins/com.st.stm32cube.ide.mcu.externaltools.gnu-tools-for-stm32.12.3.rel1.win32_1.0.200.202406191623/tools/bin/../lib/gcc/arm-none-eabi/12.3.1/../../../../arm-none-eabi/lib/thumb/v7e-m+fp/hard\libc_nano.a(libc_a-findfp.o)
                              G:/ST/STM32CubeIDE_1.16.0/STM32CubeIDE/plugins/com.st.stm32cube.ide.mcu.externaltools.gnu-tools-for-stm32.12.3.rel1.win32_1.0.200.202406191623/tools/bin/../lib/gcc/arm-none-eabi/12.3.1/../../../../arm-none-eabi/lib/thumb/v7e-m+fp/hard\libc_nano.a(libc_a-exit.o) (__stdio_exit_handler)
G:/ST/STM32CubeIDE_1.16.0/STM32CubeIDE/plugins/com.st.stm32cube.ide.mcu.externaltools.gnu-tools-for-stm32.12.3.rel1.win32_1.0.200.202406191623/tools/bin/../lib/gcc/arm-none-eabi/12.3.1/../../../../arm-none-eabi/lib/thumb/v7e-m+fp/hard\libc_nano.a(libc_a-fwalk.o)
                              G:/ST/STM32CubeIDE_1.16.0/STM32CubeIDE/plugins/com.st.stm32cube.ide.mcu.externaltools.gnu-tools-for-stm32.12.3.rel1.win32_1.0.200.202406191623/tools/bin/../lib/gcc/arm-none-eabi/12.3.1/../../../../arm-none-eabi/lib/thumb/v7e-m+fp/hard\libc_nano.a(libc_a-findfp.o) (_fwalk_sglue)
G:/ST/STM32CubeIDE_1.16.0/STM32CubeIDE/plugins/com.st.stm32cube.ide.mcu.externaltools.gnu-tools-for-stm32.12.3.rel1.win32_1.0.200.202406191623/tools/bin/../lib/gcc/arm-none-eabi/12.3.1/../../../../arm-none-eabi/lib/thumb/v7e-m+fp/hard\libc_nano.a(libc_a-stdio.o)
                              G:/ST/STM32CubeIDE_1.16.0/STM32CubeIDE/plugins/com.st.stm32cube.ide.mcu.externaltools.gnu-tools-for-stm32.12.3.rel1.win32_1.0.200.202406191623/tools/bin/../lib/gcc/arm-none-eabi/12.3.1/../../../../arm-none-eabi/lib/thumb/v7e-m+fp/hard\libc_nano.a(libc_a-findfp.o) (__sread)
G:/ST/STM32CubeIDE_1.16.0/STM32CubeIDE/plugins/com.st.stm32cube.ide.mcu.externaltools.gnu-tools-for-stm32.12.3.rel1.win32_1.0.200.202406191623/tools/bin/../lib/gcc/arm-none-eabi/12.3.1/../../../../arm-none-eabi/lib/thumb/v7e-m+fp/hard\libc_nano.a(libc_a-memset.o)
                              G:/ST/STM32CubeIDE_1.16.0/STM32CubeIDE/plugins/com.st.stm32cube.ide.mcu.externaltools.gnu-tools-for-stm32.12.3.rel1.win32_1.0.200.202406191623/tools/bin/../lib/gcc/arm-none-eabi/12.3.1/../../../../arm-none-eabi/lib/thumb/v7e-m+fp/hard/crt0.o (memset)
G:/ST/STM32CubeIDE_1.16.0/STM32CubeIDE/plugins/com.st.stm32cube.ide.mcu.externaltools.gnu-tools-for-stm32.12.3.rel1.win32_1.0.200.202406191623/tools/bin/../lib/gcc/arm-none-eabi/12.3.1/../../../../arm-none-eabi/lib/thumb/v7e-m+fp/hard\libc_nano.a(libc_a-closer.o)
                              G:/ST/STM32CubeIDE_1.16.0/STM32CubeIDE/plugins/com.st.stm32cube.ide.mcu.externaltools.gnu-tools-for-stm32.12.3.rel1.win32_1.0.200.202406191623/tools/bin/../lib/gcc/arm-none-eabi/12.3.1/../../../../arm-none-eabi/lib/thumb/v7e-m+fp/hard\libc_nano.a(libc_a-stdio.o) (_close_r)
G:/ST/STM32CubeIDE_1.16.0/STM32CubeIDE/plugins/com.st.stm32cube.ide.mcu.externaltools.gnu-tools-for-stm32.12.3.rel1.win32_1.0.200.202406191623/tools/bin/../lib/gcc/arm-none-eabi/12.3.1/../../../../arm-none-eabi/lib/thumb/v7e-m+fp/hard\libc_nano.a(libc_a-reent.o)
                              G:/ST/STM32CubeIDE_1.16.0/STM32CubeIDE/plugins/com.st.stm32cube.ide.mcu.externaltools.gnu-tools-for-stm32.12.3.rel1.win32_1.0.200.202406191623/tools/bin/../lib/gcc/arm-none-eabi/12.3.1/../../../../arm-none-eabi/lib/thumb/v7e-m+fp/hard\libc_nano.a(libc_a-closer.o) (errno)
G:/ST/STM32CubeIDE_1.16.0/STM32CubeIDE/plugins/com.st.stm32cube.ide.mcu.externaltools.gnu-tools-for-stm32.12.3.rel1.win32_1.0.200.202406191623/tools/bin/../lib/gcc/arm-none-eabi/12.3.1/../../../../arm-none-eabi/lib/thumb/v7e-m+fp/hard\libc_nano.a(libc_a-impure.o)
                              G:/ST/STM32CubeIDE_1.16.0/STM32CubeIDE/plugins/com.st.stm32cube.ide.mcu.externaltools.gnu-tools-for-stm32.12.3.rel1.win32_1.0.200.202406191623/tools/bin/../lib/gcc/arm-none-eabi/12.3.1/../../../../arm-none-eabi/lib/thumb/v7e-m+fp/hard\libc_nano.a(libc_a-reent.o) (_impure_ptr)
G:/ST/STM32CubeIDE_1.16.0/STM32CubeIDE/plugins/com.st.stm32cube.ide.mcu.externaltools.gnu-tools-for-stm32.12.3.rel1.win32_1.0.200.202406191623/tools/bin/../lib/gcc/arm-none-eabi/12.3.1/../../../../arm-none-eabi/lib/thumb/v7e-m+fp/hard\libc_nano.a(libc_a-lseekr.o)
[...]
Memory Configuration

Name             Origin             Length             Attributes
CCMRAM           0x10000000         0x00004000         xrw
RAM              0x20000000         0x00010000         xrw
FLASH            0x08000000         0x00080000         xr
*default*        0x00000000         0xffffffff

Linker script and memory map

LOAD G:/ST/STM32CubeIDE_1.16.0/STM32CubeIDE/plugins/com.st.stm32cube.ide.mcu.externaltools.gnu-tools-for-stm32.12.3.rel1.win32_1.0.200.202406191623/tools/bin/../lib/gcc/arm-none-eabi/12.3.1/thumb/v7e-m+fp/hard/crti.o
LOAD G:/ST/STM32CubeIDE_1.16.0/STM32CubeIDE/plugins/com.st.stm32cube.ide.mcu.externaltools.gnu-tools-for-stm32.12.3.rel1.win32_1.0.200.202406191623/tools/bin/../lib/gcc/arm-none-eabi/12.3.1/thumb/v7e-m+fp/hard/crtbegin.o
LOAD G:/ST/STM32CubeIDE_1.16.0/STM32CubeIDE/plugins/com.st.stm32cube.ide.mcu.externaltools.gnu-tools-for-stm32.12.3.rel1.win32_1.0.200.202406191623/tools/bin/../lib/gcc/arm-none-eabi/12.3.1/../../../../arm-none-eabi/lib/thumb/v7e-m+fp/hard/crt0.o
LOAD ./Core/Src/Com.o
LOAD ./Core/Src/main.o
LOAD ./Core/Src/stm32f3xx_hal_msp.o
LOAD ./Core/Src/stm32f3xx_it.o
LOAD ./Core/Src/syscalls.o
LOAD ./Core/Src/sysmem.o
LOAD ./Core/Src/system_stm32f3xx.o
LOAD ./Core/Startup/startup_stm32f303retx.o
LOAD ./Drivers/STM32F3xx_HAL_Driver/Src/stm32f3xx_hal.o
LOAD ./Drivers/STM32F3xx_HAL_Driver/Src/stm32f3xx_hal_cortex.o
LOAD ./Drivers/STM32F3xx_HAL_Driver/Src/stm32f3xx_hal_dma.o
LOAD ./Drivers/STM32F3xx_HAL_Driver/Src/stm32f3xx_hal_exti.o
LOAD ./Drivers/STM32F3xx_HAL_Driver/Src/stm32f3xx_hal_flash.o
LOAD ./Drivers/STM32F3xx_HAL_Driver/Src/stm32f3xx_hal_flash_ex.o
LOAD ./Drivers/STM32F3xx_HAL_Driver/Src/stm32f3xx_hal_gpio.o
LOAD ./Drivers/STM32F3xx_HAL_Driver/Src/stm32f3xx_hal_i2c.o
LOAD ./Drivers/STM32F3xx_HAL_Driver/Src/stm32f3xx_hal_i2c_ex.o
LOAD ./Drivers/STM32F3xx_HAL_Driver/Src/stm32f3xx_hal_pwr.o
LOAD ./Drivers/STM32F3xx_HAL_Driver/Src/stm32f3xx_hal_pwr_ex.o
LOAD ./Drivers/STM32F3xx_HAL_Driver/Src/stm32f3xx_hal_rcc.o
LOAD ./Drivers/STM32F3xx_HAL_Driver/Src/stm32f3xx_hal_rcc_ex.o
LOAD ./Drivers/STM32F3xx_HAL_Driver/Src/stm32f3xx_hal_tim.o
LOAD ./Drivers/STM32F3xx_HAL_Driver/Src/stm32f3xx_hal_tim_ex.o
LOAD ./Drivers/STM32F3xx_HAL_Driver/Src/stm32f3xx_ll_dma.o
LOAD ./Drivers/STM32F3xx_HAL_Driver/Src/stm32f3xx_ll_exti.o
LOAD ./Drivers/STM32F3xx_HAL_Driver/Src/stm32f3xx_ll_gpio.o
LOAD ./Drivers/STM32F3xx_HAL_Driver/Src/stm32f3xx_ll_rcc.o
LOAD ./Drivers/STM32F3xx_HAL_Driver/Src/stm32f3xx_ll_usart.o
LOAD ./Drivers/STM32F3xx_HAL_Driver/Src/stm32f3xx_ll_utils.o
START GROUP
LOAD G:/ST/STM32CubeIDE_1.16.0/STM32CubeIDE/plugins/com.st.stm32cube.ide.mcu.externaltools.gnu-tools-for-stm32.12.3.rel1.win32_1.0.200.202406191623/tools/bin/../lib/gcc/arm-none-eabi/12.3.1/../../../../arm-none-eabi/lib/thumb/v7e-m+fp/hard\libc_nano.a
LOAD G:/ST/STM32CubeIDE_1.16.0/STM32CubeIDE/plugins/com.st.stm32cube.ide.mcu.externaltools.gnu-tools-for-stm32.12.3.rel1.win32_1.0.200.202406191623/tools/bin/../lib/gcc/arm-none-eabi/12.3.1/../../../../arm-none-eabi/lib/thumb/v7e-m+fp/hard\libm.a
END GROUP
START GROUP
LOAD G:/ST/STM32CubeIDE_1.16.0/STM32CubeIDE/plugins/com.st.stm32cube.ide.mcu.externaltools.gnu-tools-for-stm32.12.3.rel1.win32_1.0.200.202406191623/tools/bin/../lib/gcc/arm-none-eabi/12.3.1/thumb/v7e-m+fp/hard\libgcc.a
LOAD G:/ST/STM32CubeIDE_1.16.0/STM32CubeIDE/plugins/com.st.stm32cube.ide.mcu.externaltools.gnu-tools-for-stm32.12.3.rel1.win32_1.0.200.202406191623/tools/bin/../lib/gcc/arm-none-eabi/12.3.1/../../../../arm-none-eabi/lib/thumb/v7e-m+fp/hard\libc_nano.a
END GROUP
START GROUP
LOAD G:/ST/STM32CubeIDE_1.16.0/STM32CubeIDE/plugins/com.st.stm32cube.ide.mcu.externaltools.gnu-tools-for-stm32.12.3.rel1.win32_1.0.200.202406191623/tools/bin/../lib/gcc/arm-none-eabi/12.3.1/thumb/v7e-m+fp/hard\libgcc.a
LOAD G:/ST/STM32CubeIDE_1.16.0/STM32CubeIDE/plugins/com.st.stm32cube.ide.mcu.externaltools.gnu-tools-for-stm32.12.3.rel1.win32_1.0.200.202406191623/tools/bin/../lib/gcc/arm-none-eabi/12.3.1/../../../../arm-none-eabi/lib/thumb/v7e-m+fp/hard\libc_nano.a
LOAD G:/ST/STM32CubeIDE_1.16.0/STM32CubeIDE/plugins/com.st.stm32cube.ide.mcu.externaltools.gnu-tools-for-stm32.12.3.rel1.win32_1.0.200.202406191623/tools/bin/../lib/gcc/arm-none-eabi/12.3.1/../../../../arm-none-eabi/lib/thumb/v7e-m+fp/hard\libnosys.a
END GROUP
START GROUP
LOAD G:/ST/STM32CubeIDE_1.16.0/STM32CubeIDE/plugins/com.st.stm32cube.ide.mcu.externaltools.gnu-tools-for-stm32.12.3.rel1.win32_1.0.200.202406191623/tools/bin/../lib/gcc/arm-none-eabi/12.3.1/thumb/v7e-m+fp/hard\libgcc.a
LOAD G:/ST/STM32CubeIDE_1.16.0/STM32CubeIDE/plugins/com.st.stm32cube.ide.mcu.externaltools.gnu-tools-for-stm32.12.3.rel1.win32_1.0.200.202406191623/tools/bin/../lib/gcc/arm-none-eabi/12.3.1/../../../../arm-none-eabi/lib/thumb/v7e-m+fp/hard\libc_nano.a
LOAD G:/ST/STM32CubeIDE_1.16.0/STM32CubeIDE/plugins/com.st.stm32cube.ide.mcu.externaltools.gnu-tools-for-stm32.12.3.rel1.win32_1.0.200.202406191623/tools/bin/../lib/gcc/arm-none-eabi/12.3.1/../../../../arm-none-eabi/lib/thumb/v7e-m+fp/hard\libnosys.a
END GROUP
LOAD G:/ST/STM32CubeIDE_1.16.0/STM32CubeIDE/plugins/com.st.stm32cube.ide.mcu.externaltools.gnu-tools-for-stm32.12.3.rel1.win32_1.0.200.202406191623/tools/bin/../lib/gcc/arm-none-eabi/12.3.1/thumb/v7e-m+fp/hard/crtend.o
LOAD G:/ST/STM32CubeIDE_1.16.0/STM32CubeIDE/plugins/com.st.stm32cube.ide.mcu.externaltools.gnu-tools-for-stm32.12.3.rel1.win32_1.0.200.202406191623/tools/bin/../lib/gcc/arm-none-eabi/12.3.1/thumb/v7e-m+fp/hard/crtn.o
                0x20010000                        _estack = (ORIGIN (RAM) + LENGTH (RAM))
                0x00000200                        _Min_Heap_Size = 0x200
                0x00000400                        _Min_Stack_Size = 0x400

.isr_vector     0x08000000      0x194
                0x08000000                        . = ALIGN (0x4)
 *(.isr_vector)
 .isr_vector    0x08000000      0x194 ./Core/Startup/startup_stm32f303retx.o
                0x08000000                g_pfnVectors
                0x08000194                        . = ALIGN (0x4)

.text           0x08000194     0x2fd8
                0x08000194                        . = ALIGN (0x4)
 *(.text)
 .text          0x08000194       0x40 G:/ST/STM32CubeIDE_1.16.0/STM32CubeIDE/plugins/com.st.stm32cube.ide.mcu.externaltools.gnu-tools-for-stm32.12.3.rel1.win32_1.0.200.202406191623/tools/bin/../lib/gcc/arm-none-eabi/12.3.1/thumb/v7e-m+fp/hard/crtbegin.o
 .text          0x080001d4      0x11c ./Core/Src/Com.o
                0x080001d4                InitCom
                0x08000208                R_bufferFull
                0x08000224                R_bufferEmpty
                0x08000258                R_Push
                0x080002a4                R_Pop
 .text          0x080002f0      0x3c0 ./Core/Src/main.o
                0x080002f0                Set_SCL_RisingNFalling
                0x08000320                Set_SDA_RisingNFalling
                0x08000350                Set_SCL_INT
                0x0800035c                Set_SDA_INT
                0x08000368                SystemClock_Config
                0x080003f0                Bus_State_Handler
                0x0800060c                HAL_GPIO_EXTI_Callback
                0x08000648                Timer_Reset
                0x080006ac                Error_Handler
 .text          0x080006b0       0x34 ./Core/Src/stm32f3xx_hal_msp.o
                0x080006b0                HAL_MspInit
 .text          0x080006e4       0x50 ./Core/Src/stm32f3xx_it.o
                0x080006e4                NMI_Handler
                0x080006e8                HardFault_Handler
                0x080006ec                MemManage_Handler
                0x080006f0                BusFault_Handler
                0x080006f4                UsageFault_Handler
                0x080006f8                SVC_Handler
                0x080006fc                DebugMon_Handler
                0x08000700                PendSV_Handler
                0x08000704                SysTick_Handler
                0x08000714                EXTI9_5_IRQHandler
                0x0800072c                EXTI15_10_IRQHandler
 .text          0x08000734       0x64 ./Core/Src/system_stm32f3xx.o
                0x08000734                SystemInit
                0x08000748                SystemCoreClockUpdate
 .text          0x08000798      0x1e0 ./Drivers/STM32F3xx_HAL_Driver/Src/stm32f3xx_hal.o
                0x0800079c                HAL_MspDeInit
                0x080007a0                HAL_DeInit
                0x080007c4                HAL_InitTick
                0x08000808                HAL_Init
                0x0800082c                HAL_IncTick
                0x08000844                HAL_GetTick
                0x08000850                HAL_GetTickPrio
                0x0800085c                HAL_SetTickFreq
                0x08000880                HAL_GetTickFreq
                0x0800088c                HAL_Delay
                0x080008b0                HAL_SuspendTick
                0x080008c0                HAL_ResumeTick
                0x080008d0                HAL_GetHalVersion
                0x080008d8                HAL_GetREVID
                0x080008e4                HAL_GetDEVID
                0x080008f4                HAL_GetUIDw0
                0x08000900                HAL_GetUIDw1
                0x0800090c                HAL_GetUIDw2
                0x08000918                HAL_DBGMCU_EnableDBGSleepMode
                0x08000928                HAL_DBGMCU_DisableDBGSleepMode
                0x08000938                HAL_DBGMCU_EnableDBGStopMode
                0x08000948                HAL_DBGMCU_DisableDBGStopMode
                0x08000958                HAL_DBGMCU_EnableDBGStandbyMode
                0x08000968                HAL_DBGMCU_DisableDBGStandbyMode
 .text          0x08000978      0x310 ./Drivers/STM32F3xx_HAL_Driver/Src/stm32f3xx_hal_cortex.o
                0x08000978                HAL_NVIC_SetPriorityGrouping
                0x0800099c                HAL_NVIC_SetPriority
                0x08000a14                HAL_NVIC_EnableIRQ
                0x08000a30                HAL_NVIC_DisableIRQ
                0x08000a54                HAL_NVIC_SystemReset
                0x08000a78                HAL_SYSTICK_Config
                0x08000aac                HAL_MPU_Disable
                0x08000ac4                HAL_MPU_Enable
                0x08000adc                HAL_MPU_EnableRegion
                0x08000af4                HAL_MPU_DisableRegion
                0x08000b0c                HAL_MPU_ConfigRegion
                0x08000b6c                HAL_NVIC_GetPriorityGrouping
                0x08000b7c                HAL_NVIC_GetPriority
                0x08000be4                HAL_NVIC_SetPendingIRQ
                0x08000c00                HAL_NVIC_GetPendingIRQ
                0x08000c24                HAL_NVIC_ClearPendingIRQ
                0x08000c40                HAL_NVIC_GetActive
                0x08000c64                HAL_SYSTICK_CLKSourceConfig
                0x08000c7c                HAL_SYSTICK_Callback
                0x08000c80                HAL_SYSTICK_IRQHandler
 .text          0x08000c88      0x3e8 ./Drivers/STM32F3xx_HAL_Driver/Src/stm32f3xx_hal_gpio.o
                0x08000c88                HAL_GPIO_Init
                0x08000eb4                HAL_GPIO_DeInit
                0x08000ffc                HAL_GPIO_ReadPin
                0x08001008                HAL_GPIO_WritePin
                0x08001014                HAL_GPIO_TogglePin
                0x08001028                HAL_GPIO_LockPin
                0x08001058                HAL_GPIO_EXTI_IRQHandler
 .text          0x08001070      0xa10 ./Drivers/STM32F3xx_HAL_Driver/Src/stm32f3xx_hal_rcc.o
                0x08001070                HAL_RCC_DeInit
                0x08001158                HAL_RCC_OscConfig
                0x080016e8                HAL_RCC_ClockConfig
                0x08001874                HAL_RCC_MCOConfig
                0x080018c8                HAL_RCC_EnableCSS
                0x080018e4                HAL_RCC_DisableCSS
                0x08001900                HAL_RCC_GetSysClockFreq
                0x0800193c                HAL_RCC_GetHCLKFreq
                0x08001948                HAL_RCC_GetPCLK1Freq
                0x08001978                HAL_RCC_GetPCLK2Freq
                0x080019a8                HAL_RCC_GetOscConfig
                0x08001a1c                HAL_RCC_GetClockConfig
                0x08001a60                HAL_RCC_CSSCallback
                0x08001a64                HAL_RCC_NMI_IRQHandler
 .text          0x08001a80      0x6f4 ./Drivers/STM32F3xx_HAL_Driver/Src/stm32f3xx_hal_rcc_ex.o
                0x08001a80                HAL_RCCEx_PeriphCLKConfig
                0x08001d10                HAL_RCCEx_GetPeriphCLKConfig
                0x08001dc8                HAL_RCCEx_GetPeriphCLKFreq
 .text          0x08002174      0x298 ./Drivers/STM32F3xx_HAL_Driver/Src/stm32f3xx_ll_gpio.o
                0x08002174                LL_GPIO_DeInit
                0x08002298                LL_GPIO_Init
                0x080023f4                LL_GPIO_StructInit
 .text          0x0800240c      0x7f0 ./Drivers/STM32F3xx_HAL_Driver/Src/stm32f3xx_ll_rcc.o
                0x0800240c                LL_RCC_DeInit
                0x08002494                LL_RCC_GetSystemClocksFreq
                0x08002514                LL_RCC_GetUSARTClockFreq
                0x08002680                LL_RCC_GetUARTClockFreq
                0x08002790                LL_RCC_GetI2CClockFreq
                0x08002814                LL_RCC_GetI2SClockFreq
                0x0800286c                LL_RCC_GetUSBClockFreq
                0x080028ec                LL_RCC_GetADCClockFreq
                0x080029c8                LL_RCC_GetTIMClockFreq
                0x08002b38                RCC_GetSystemClockFreq
                0x08002b7c                RCC_GetHCLKClockFreq
                0x08002b94                RCC_GetPCLK1ClockFreq
                0x08002bac                RCC_GetPCLK2ClockFreq
                0x08002bc4                RCC_PLL_GetFreqDomain_SYS
 .text          0x08002bfc      0x1e0 ./Drivers/STM32F3xx_HAL_Driver/Src/stm32f3xx_ll_usart.o
                0x08002bfc                LL_USART_DeInit
                0x08002ca4                LL_USART_Init
                0x08002d7c                LL_USART_StructInit
                0x08002d94                LL_USART_ClockInit
                0x08002dd0                LL_USART_ClockStructInit
 *(.text*)
 .text.startup  0x08002ddc      0x2cc ./Core/Src/main.o
                0x08002ddc                main
 .text.Reset_Handler
                0x080030a8       0x50 ./Core/Startup/startup_stm32f303retx.o
                0x080030a8                Reset_Handler
 .text.Default_Handler
                0x080030f8        0x2 ./Core/Startup/startup_stm32f303retx.o
                0x080030f8                RTC_Alarm_IRQHandler
                0x080030f8                TIM8_TRG_COM_IRQHandler
                0x080030f8                TIM8_CC_IRQHandler
                0x080030f8                SPI4_IRQHandler
                0x080030f8                TIM1_CC_IRQHandler
                0x080030f8                USB_HP_IRQHandler
                0x080030f8                PVD_IRQHandler
                0x080030f8                TAMP_STAMP_IRQHandler
                0x080030f8                EXTI3_IRQHandler
                0x080030f8                I2C3_ER_IRQHandler
                0x080030f8                USB_HP_CAN_TX_IRQHandler
                0x080030f8                EXTI0_IRQHandler
                0x080030f8                I2C2_EV_IRQHandler
                0x080030f8                FPU_IRQHandler
                0x080030f8                TIM1_UP_TIM16_IRQHandler
                0x080030f8                ADC1_2_IRQHandler
                0x080030f8                SPI1_IRQHandler
                0x080030f8                CAN_SCE_IRQHandler
                0x080030f8                TIM6_DAC_IRQHandler
                0x080030f8                TIM8_UP_IRQHandler
                0x080030f8                DMA2_Channel2_IRQHandler
                0x080030f8                DMA1_Channel4_IRQHandler
                0x080030f8                TIM20_TRG_COM_IRQHandler
                0x080030f8                USART3_IRQHandler
                0x080030f8                DMA1_Channel7_IRQHandler
                0x080030f8                UART5_IRQHandler
                0x080030f8                ADC3_IRQHandler
                0x080030f8                TIM4_IRQHandler
                0x080030f8                CAN_RX1_IRQHandler
                0x080030f8                DMA2_Channel1_IRQHandler
                0x080030f8                I2C1_EV_IRQHandler
                0x080030f8                DMA1_Channel6_IRQHandler
                0x080030f8                UART4_IRQHandler
                0x080030f8                DMA2_Channel4_IRQHandler
                0x080030f8                TIM3_IRQHandler
                0x080030f8                RCC_IRQHandler
                0x080030f8                TIM20_UP_IRQHandler
                0x080030f8                DMA1_Channel1_IRQHandler
                0x080030f8                Default_Handler
                0x080030f8                USBWakeUp_RMP_IRQHandler
                0x080030f8                TIM7_IRQHandler
                0x080030f8                I2C3_EV_IRQHandler
                0x080030f8                RTC_WKUP_IRQHandler
                0x080030f8                SPI2_IRQHandler
                0x080030f8                USB_LP_CAN_RX0_IRQHandler
                0x080030f8                DMA2_Channel5_IRQHandler
                0x080030f8                DMA1_Channel5_IRQHandler
                0x080030f8                USB_LP_IRQHandler
                0x080030f8                EXTI4_IRQHandler
                0x080030f8                TIM1_TRG_COM_TIM17_IRQHandler
                0x080030f8                DMA1_Channel3_IRQHandler
                0x080030f8                ADC4_IRQHandler
                0x080030f8                WWDG_IRQHandler
                0x080030f8                TIM2_IRQHandler
                0x080030f8                COMP7_IRQHandler
                0x080030f8                COMP1_2_3_IRQHandler
                0x080030f8                EXTI1_IRQHandler
                0x080030f8                USART2_IRQHandler
                0x080030f8                COMP4_5_6_IRQHandler
                0x080030f8                TIM20_BRK_IRQHandler
                0x080030f8                I2C2_ER_IRQHandler
                0x080030f8                DMA1_Channel2_IRQHandler
                0x080030f8                TIM8_BRK_IRQHandler
                0x080030f8                FLASH_IRQHandler
                0x080030f8                TIM20_CC_IRQHandler
                0x080030f8                USART1_IRQHandler
                0x080030f8                SPI3_IRQHandler
                0x080030f8                I2C1_ER_IRQHandler
                0x080030f8                FMC_IRQHandler
                0x080030f8                USBWakeUp_IRQHandler
                0x080030f8                DMA2_Channel3_IRQHandler
                0x080030f8                EXTI2_TSC_IRQHandler
                0x080030f8                TIM1_BRK_TIM15_IRQHandler
 .text.memset   0x080030fa       0x10 G:/ST/STM32CubeIDE_1.16.0/STM32CubeIDE/plugins/com.st.stm32cube.ide.mcu.externaltools.gnu-tools-for-stm32.12.3.rel1.win32_1.0.200.202406191623/tools/bin/../lib/gcc/arm-none-eabi/12.3.1/../../../../arm-none-eabi/lib/thumb/v7e-m+fp/hard\libc_nano.a(libc_a-memset.o)
                0x080030fa                memset
 *fill*         0x0800310a        0x2 
 .text.__libc_init_array
                0x0800310c       0x48 G:/ST/STM32CubeIDE_1.16.0/STM32CubeIDE/plugins/com.st.stm32cube.ide.mcu.externaltools.gnu-tools-for-stm32.12.3.rel1.win32_1.0.200.202406191623/tools/bin/../lib/gcc/arm-none-eabi/12.3.1/../../../../arm-none-eabi/lib/thumb/v7e-m+fp/hard\libc_nano.a(libc_a-init.o)
                0x0800310c                __libc_init_array
 *(.glue_7)
 .glue_7        0x08003154        0x0 linker stubs
 *(.glue_7t)
 .glue_7t       0x08003154        0x0 linker stubs
 *(.eh_frame)
 .eh_frame      0x08003154        0x0 G:/ST/STM32CubeIDE_1.16.0/STM32CubeIDE/plugins/com.st.stm32cube.ide.mcu.externaltools.gnu-tools-for-stm32.12.3.rel1.win32_1.0.200.202406191623/tools/bin/../lib/gcc/arm-none-eabi/12.3.1/thumb/v7e-m+fp/hard/crtbegin.o
 *(.init)
 .init          0x08003154        0x4 G:/ST/STM32CubeIDE_1.16.0/STM32CubeIDE/plugins/com.st.stm32cube.ide.mcu.externaltools.gnu-tools-for-stm32.12.3.rel1.win32_1.0.200.202406191623/tools/bin/../lib/gcc/arm-none-eabi/12.3.1/thumb/v7e-m+fp/hard/crti.o
                0x08003154                _init
 .init          0x08003158        0x8 G:/ST/STM32CubeIDE_1.16.0/STM32CubeIDE/plugins/com.st.stm32cube.ide.mcu.externaltools.gnu-tools-for-stm32.12.3.rel1.win32_1.0.200.202406191623/tools/bin/../lib/gcc/arm-none-eabi/12.3.1/thumb/v7e-m+fp/hard/crtn.o
 *(.fini)
 .fini          0x08003160        0x4 G:/ST/STM32CubeIDE_1.16.0/STM32CubeIDE/plugins/com.st.stm32cube.ide.mcu.externaltools.gnu-tools-for-stm32.12.3.rel1.win32_1.0.200.202406191623/tools/bin/../lib/gcc/arm-none-eabi/12.3.1/thumb/v7e-m+fp/hard/crti.o
                0x08003160                _fini
 .fini          0x08003164        0x8 G:/ST/STM32CubeIDE_1.16.0/STM32CubeIDE/plugins/com.st.stm32cube.ide.mcu.externaltools.gnu-tools-for-stm32.12.3.rel1.win32_1.0.200.202406191623/tools/bin/../lib/gcc/arm-none-eabi/12.3.1/thumb/v7e-m+fp/hard/crtn.o
                0x0800316c                        . = ALIGN (0x4)
                0x0800316c                        _etext = .

.vfp11_veneer   0x0800316c        0x0
 .vfp11_veneer  0x0800316c        0x0 linker stubs

.v4_bx          0x0800316c        0x0
 .v4_bx         0x0800316c        0x0 linker stubs

.iplt           0x0800316c        0x0
 .iplt          0x0800316c        0x0 G:/ST/STM32CubeIDE_1.16.0/STM32CubeIDE/plugins/com.st.stm32cube.ide.mcu.externaltools.gnu-tools-for-stm32.12.3.rel1.win32_1.0.200.202406191623/tools/bin/../lib/gcc/arm-none-eabi/12.3.1/thumb/v7e-m+fp/hard/crtbegin.o

.rodata         0x0800316c       0x78
                0x0800316c                        . = ALIGN (0x4)
 *(.rodata)
 .rodata        0x0800316c       0x18 ./Core/Src/system_stm32f3xx.o
                0x0800316c                AHBPrescTable
                0x0800317c                APBPrescTable
 .rodata        0x08003184       0x20 ./Drivers/STM32F3xx_HAL_Driver/Src/stm32f3xx_hal_rcc.o
 .rodata        0x080031a4       0x20 ./Drivers/STM32F3xx_HAL_Driver/Src/stm32f3xx_hal_rcc_ex.o
 .rodata        0x080031c4       0x20 ./Drivers/STM32F3xx_HAL_Driver/Src/stm32f3xx_ll_rcc.o
 *(.rodata*)
                0x080031e4                        . = ALIGN (0x4)

.ARM.extab      0x080031e4        0x0
                0x080031e4                        . = ALIGN (0x4)
 *(.ARM.extab* .gnu.linkonce.armextab.*)
                0x080031e4                        . = ALIGN (0x4)

.ARM            0x080031e4        0x0
                0x080031e4                        . = ALIGN (0x4)
                0x080031e4                        __exidx_start = .
 *(.ARM.exidx*)
                0x080031e4                        __exidx_end = .
                0x080031e4                        . = ALIGN (0x4)

.preinit_array  0x080031e4        0x0
                0x080031e4                        . = ALIGN (0x4)
                0x080031e4                        PROVIDE (__preinit_array_start = .)
 *(.preinit_array*)
                0x080031e4                        PROVIDE (__preinit_array_end = .)
                0x080031e4                        . = ALIGN (0x4)

.init_array     0x080031e4        0x4
                0x080031e4                        . = ALIGN (0x4)
                0x080031e4                        PROVIDE (__init_array_start = .)
 *(SORT_BY_NAME(.init_array.*))
 *(.init_array*)
 .init_array    0x080031e4        0x4 G:/ST/STM32CubeIDE_1.16.0/STM32CubeIDE/plugins/com.st.stm32cube.ide.mcu.externaltools.gnu-tools-for-stm32.12.3.rel1.win32_1.0.200.202406191623/tools/bin/../lib/gcc/arm-none-eabi/12.3.1/thumb/v7e-m+fp/hard/crtbegin.o
                0x080031e8                        PROVIDE (__init_array_end = .)
                0x080031e8                        . = ALIGN (0x4)

.fini_array     0x080031e8        0x4
                0x080031e8                        . = ALIGN (0x4)
                [!provide]                        PROVIDE (__fini_array_start = .)
 *(SORT_BY_NAME(.fini_array.*))
 *(.fini_array*)
 .fini_array    0x080031e8        0x4 G:/ST/STM32CubeIDE_1.16.0/STM32CubeIDE/plugins/com.st.stm32cube.ide.mcu.externaltools.gnu-tools-for-stm32.12.3.rel1.win32_1.0.200.202406191623/tools/bin/../lib/gcc/arm-none-eabi/12.3.1/thumb/v7e-m+fp/hard/crtbegin.o
                [!provide]                        PROVIDE (__fini_array_end = .)
                0x080031ec                        . = ALIGN (0x4)
                0x080031ec                        _sidata = LOADADDR (.data)

.rel.dyn        0x080031ec        0x0
 .rel.iplt      0x080031ec        0x0 G:/ST/STM32CubeIDE_1.16.0/STM32CubeIDE/plugins/com.st.stm32cube.ide.mcu.externaltools.gnu-tools-for-stm32.12.3.rel1.win32_1.0.200.202406191623/tools/bin/../lib/gcc/arm-none-eabi/12.3.1/thumb/v7e-m+fp/hard/crtbegin.o

.data           0x20000000       0x10 load address 0x080031ec
                0x20000000                        . = ALIGN (0x4)
                0x20000000                        _sdata = .
 *(.data)
 .data          0x20000000        0x1 ./Core/Src/Com.o
                0x20000000                Popindex
 .data          0x20000001        0x2 ./Core/Src/main.o
                0x20000001                Bit_Count
                0x20000002                rbuf_index
 *fill*         0x20000003        0x1 
 .data          0x20000004        0x4 ./Core/Src/system_stm32f3xx.o
                0x20000004                SystemCoreClock
 .data          0x20000008        0x8 ./Drivers/STM32F3xx_HAL_Driver/Src/stm32f3xx_hal.o
                0x20000008                uwTickFreq
                0x2000000c                uwTickPrio
 *(.data*)
 *(.RamFunc)
 *(.RamFunc*)
                0x20000010                        . = ALIGN (0x4)
                0x20000010                        _edata = .
                0x080031fc                        _siccmram = LOADADDR (.ccmram)

.igot.plt       0x20000010        0x0 load address 0x080031fc
 .igot.plt      0x20000010        0x0 G:/ST/STM32CubeIDE_1.16.0/STM32CubeIDE/plugins/com.st.stm32cube.ide.mcu.externaltools.gnu-tools-for-stm32.12.3.rel1.win32_1.0.200.202406191623/tools/bin/../lib/gcc/arm-none-eabi/12.3.1/thumb/v7e-m+fp/hard/crtbegin.o

.ccmram         0x10000000        0x0 load address 0x080031fc
                0x10000000                        . = ALIGN (0x4)
                0x10000000                        _sccmram = .
 *(.ccmram)
 *(.ccmram*)
                0x10000000                        . = ALIGN (0x4)
                0x10000000                        _eccmram = .
                0x10000000                        . = ALIGN (0x4)

.bss            0x20000010      0x164
                0x20000010                        _sbss = .
                0x20000010                        __bss_start__ = _sbss
 *(.bss)
 .bss           0x20000010       0x1c G:/ST/STM32CubeIDE_1.16.0/STM32CubeIDE/plugins/com.st.stm32cube.ide.mcu.externaltools.gnu-tools-for-stm32.12.3.rel1.win32_1.0.200.202406191623/tools/bin/../lib/gcc/arm-none-eabi/12.3.1/thumb/v7e-m+fp/hard/crtbegin.o
 .bss           0x2000002c       0xf2 ./Core/Src/Com.o
                0x2000002c                commandStack
                0x20000044                Buffer_packet_Location
                0x200000f8                Pushindex
                0x200000fc                CommandInternal
                0x20000100                CommandInternal_
 *fill*         0x2000011e        0x2 
 .bss           0x20000120       0x4e ./Core/Src/main.o
                0x20000120                SCL_Enable
                0x20000121                SDA_Enable
                0x20000124                BufferR
                0x20000128                BufferR_
                0x20000148                BufferH
                0x2000014c                bufferH_
                0x2000016b                main_State
                0x2000016c                Data_Byte
                0x2000016d                counter
 *fill*         0x2000016e        0x2 
 .bss           0x20000170        0x4 ./Drivers/STM32F3xx_HAL_Driver/Src/stm32f3xx_hal.o
                0x20000170                uwTick
 *(.bss*)
 *(COMMON)
                0x20000174                        . = ALIGN (0x4)
                0x20000174                        _ebss = .
                0x20000174                        __bss_end__ = _ebss

._user_heap_stack
                0x20000174      0x604
                0x20000178                        . = ALIGN (0x8)
 *fill*         0x20000174        0x4 
                [!provide]                        PROVIDE (end = .)
                0x20000178                        PROVIDE (_end = .)
                0x20000378                        . = (. + _Min_Heap_Size)
 *fill*         0x20000178      0x200 
                0x20000778                        . = (. + _Min_Stack_Size)
 *fill*         0x20000378      0x400 
                0x20000778                        . = ALIGN (0x8)

/DISCARD/
 libc.a(*)
 libm.a(*)
 libgcc.a(*)

.ARM.attributes
                0x00000000       0x30
 *(.ARM.attributes)
 .ARM.attributes
                0x00000000       0x22 G:/ST/STM32CubeIDE_1.16.0/STM32CubeIDE/plugins/com.st.stm32cube.ide.mcu.externaltools.gnu-tools-for-stm32.12.3.rel1.win32_1.0.200.202406191623/tools/bin/../lib/gcc/arm-none-eabi/12.3.1/thumb/v7e-m+fp/hard/crti.o
 .ARM.attributes
                0x00000022       0x34 G:/ST/STM32CubeIDE_1.16.0/STM32CubeIDE/plugins/com.st.stm32cube.ide.mcu.externaltools.gnu-tools-for-stm32.12.3.rel1.win32_1.0.200.202406191623/tools/bin/../lib/gcc/arm-none-eabi/12.3.1/thumb/v7e-m+fp/hard/crtbegin.o
 .ARM.attributes
                0x00000056       0x30 ./Core/Src/Com.o
 .ARM.attributes
                0x00000086       0x30 ./Core/Src/main.o
 .ARM.attributes
                0x000000b6       0x30 ./Core/Src/stm32f3xx_hal_msp.o
 .ARM.attributes
                0x000000e6       0x30 ./Core/Src/stm32f3xx_it.o
 .ARM.attributes
                0x00000116       0x30 ./Core/Src/system_stm32f3xx.o
 .ARM.attributes
                0x00000146       0x21 ./Core/Startup/startup_stm32f303retx.o
 .ARM.attributes
                0x00000167       0x30 ./Drivers/STM32F3xx_HAL_Driver/Src/stm32f3xx_hal.o
 .ARM.attributes
                0x00000197       0x30 ./Drivers/STM32F3xx_HAL_Driver/Src/stm32f3xx_hal_cortex.o
 .ARM.attributes
                0x000001c7       0x30 ./Drivers/STM32F3xx_HAL_Driver/Src/stm32f3xx_hal_gpio.o
 .ARM.attributes
                0x000001f7       0x30 ./Drivers/STM32F3xx_HAL_Driver/Src/stm32f3xx_hal_rcc.o
 .ARM.attributes
                0x00000227       0x30 ./Drivers/STM32F3xx_HAL_Driver/Src/stm32f3xx_hal_rcc_ex.o
 .ARM.attributes
                0x00000257       0x30 ./Drivers/STM32F3xx_HAL_Driver/Src/stm32f3xx_ll_gpio.o
 .ARM.attributes
                0x00000287       0x30 ./Drivers/STM32F3xx_HAL_Driver/Src/stm32f3xx_ll_rcc.o
 .ARM.attributes
                0x000002b7       0x30 ./Drivers/STM32F3xx_HAL_Driver/Src/stm32f3xx_ll_usart.o
 .ARM.attributes
                0x000002e7       0x34 G:/ST/STM32CubeIDE_1.16.0/STM32CubeIDE/plugins/com.st.stm32cube.ide.mcu.externaltools.gnu-tools-for-stm32.12.3.rel1.win32_1.0.200.202406191623/tools/bin/../lib/gcc/arm-none-eabi/12.3.1/../../../../arm-none-eabi/lib/thumb/v7e-m+fp/hard\libc_nano.a(libc_a-memset.o)
 .ARM.attributes
                0x0000031b       0x34 G:/ST/STM32CubeIDE_1.16.0/STM32CubeIDE/plugins/com.st.stm32cube.ide.mcu.externaltools.gnu-tools-for-stm32.12.3.rel1.win32_1.0.200.202406191623/tools/bin/../lib/gcc/arm-none-eabi/12.3.1/../../../../arm-none-eabi/lib/thumb/v7e-m+fp/hard\libc_nano.a(libc_a-init.o)
 .ARM.attributes
                0x0000034f       0x22 G:/ST/STM32CubeIDE_1.16.0/STM32CubeIDE/plugins/com.st.stm32cube.ide.mcu.externaltools.gnu-tools-for-stm32.12.3.rel1.win32_1.0.200.202406191623/tools/bin/../lib/gcc/arm-none-eabi/12.3.1/thumb/v7e-m+fp/hard/crtn.o
OUTPUT(VINDSTYRKA_Nucleo.elf elf32-littlearm)
LOAD linker stubs
LOAD G:/ST/STM32CubeIDE_1.16.0/STM32CubeIDE/plugins/com.st.stm32cube.ide.mcu.externaltools.gnu-tools-for-stm32.12.3.rel1.win32_1.0.200.202406191623/tools/bin/../lib/gcc/arm-none-eabi/12.3.1/../../../../arm-none-eabi/lib/thumb/v7e-m+fp/hard\libc.a
LOAD G:/ST/STM32CubeIDE_1.16.0/STM32CubeIDE/plugins/com.st.stm32cube.ide.mcu.externaltools.gnu-tools-for-stm32.12.3.rel1.win32_1.0.200.202406191623/tools/bin/../lib/gcc/arm-none-eabi/12.3.1/../../../../arm-none-eabi/lib/thumb/v7e-m+fp/hard\libm.a
LOAD G:/ST/STM32CubeIDE_1.16.0/STM32CubeIDE/plugins/com.st.stm32cube.ide.mcu.externaltools.gnu-tools-for-stm32.12.3.rel1.win32_1.0.200.202406191623/tools/bin/../lib/gcc/arm-none-eabi/12.3.1/thumb/v7e-m+fp/hard\libgcc.a

.comment        0x00000000       0x43
 .comment       0x00000000       0x43 ./Core/Src/Com.o
                                 0x44 (size before relaxing)
 .comment       0x00000043       0x44 ./Core/Src/main.o
 .comment       0x00000043       0x44 ./Core/Src/stm32f3xx_hal_msp.o
 .comment       0x00000043       0x44 ./Core/Src/stm32f3xx_it.o
 .comment       0x00000043       0x44 ./Core/Src/system_stm32f3xx.o
 .comment       0x00000043       0x44 ./Drivers/STM32F3xx_HAL_Driver/Src/stm32f3xx_hal.o
 .comment       0x00000043       0x44 ./Drivers/STM32F3xx_HAL_Driver/Src/stm32f3xx_hal_cortex.o
 .comment       0x00000043       0x44 ./Drivers/STM32F3xx_HAL_Driver/Src/stm32f3xx_hal_gpio.o
 .comment       0x00000043       0x44 ./Drivers/STM32F3xx_HAL_Driver/Src/stm32f3xx_hal_rcc.o
 .comment       0x00000043       0x44 ./Drivers/STM32F3xx_HAL_Driver/Src/stm32f3xx_hal_rcc_ex.o
 .comment       0x00000043       0x44 ./Drivers/STM32F3xx_HAL_Driver/Src/stm32f3xx_ll_gpio.o
 .comment       0x00000043       0x44 ./Drivers/STM32F3xx_HAL_Driver/Src/stm32f3xx_ll_rcc.o
 .comment       0x00000043       0x44 ./Drivers/STM32F3xx_HAL_Driver/Src/stm32f3xx_ll_usart.o

.debug_line     0x00000000       0x7a
 .debug_line    0x00000000       0x7a ./Core/Startup/startup_stm32f303retx.o

.debug_line_str
                0x00000000       0x57
 .debug_line_str
                0x00000000       0x57 ./Core/Startup/startup_stm32f303retx.o

.debug_info     0x00000000       0x30
 .debug_info    0x00000000       0x30 ./Core/Startup/startup_stm32f303retx.o

.debug_abbrev   0x00000000       0x24
 .debug_abbrev  0x00000000       0x24 ./Core/Startup/startup_stm32f303retx.o

.debug_aranges  0x00000000       0x28
 .debug_aranges
                0x00000000       0x28 ./Core/Startup/startup_stm32f303retx.o

.debug_str      0x00000000       0x73
 .debug_str     0x00000000       0x73 ./Core/Startup/startup_stm32f303retx.o

.debug_rnglists
                0x00000000       0x19
 .debug_rnglists
                0x00000000       0x19 ./Core/Startup/startup_stm32f303retx.o

.debug_frame    0x00000000       0x4c
 .debug_frame   0x00000000       0x20 G:/ST/STM32CubeIDE_1.16.0/STM32CubeIDE/plugins/com.st.stm32cube.ide.mcu.externaltools.gnu-tools-for-stm32.12.3.rel1.win32_1.0.200.202406191623/tools/bin/../lib/gcc/arm-none-eabi/12.3.1/../../../../arm-none-eabi/lib/thumb/v7e-m+fp/hard\libc_nano.a(libc_a-memset.o)
 .debug_frame   0x00000020       0x2c G:/ST/STM32CubeIDE_1.16.0/STM32CubeIDE/plugins/com.st.stm32cube.ide.mcu.externaltools.gnu-tools-for-stm32.12.3.rel1.win32_1.0.200.202406191623/tools/bin/../lib/gcc/arm-none-eabi/12.3.1/../../../../arm-none-eabi/lib/thumb/v7e-m+fp/hard\libc_nano.a(libc_a-init.o)
